Archive member included to satisfy reference by file (symbol)

c:/program files (x86)/atmel/studio/7.0/toolchain/avr8/avr8-gnu-toolchain/bin/../lib/gcc/avr/5.4.0/avrxmega6\libgcc.a(_udivmodhi4.o)
                              src/ASF/xmega/drivers/usb/usb_device.o (__udivmodhi4)
c:/program files (x86)/atmel/studio/7.0/toolchain/avr8/avr8-gnu-toolchain/bin/../lib/gcc/avr/5.4.0/avrxmega6\libgcc.a(_exit.o)
                              C:/Program Files (x86)/Atmel/Studio/7.0/Packs/atmel/XMEGAA_DFP/1.3.146/gcc/dev/atxmega256a3u/avrxmega6/crtatxmega256a3u.o (exit)
c:/program files (x86)/atmel/studio/7.0/toolchain/avr8/avr8-gnu-toolchain/bin/../lib/gcc/avr/5.4.0/avrxmega6\libgcc.a(_tablejump2.o)
                              src/modules/keypad.o (__tablejump2__)
c:/program files (x86)/atmel/studio/7.0/toolchain/avr8/avr8-gnu-toolchain/bin/../lib/gcc/avr/5.4.0/avrxmega6\libgcc.a(_copy_data.o)
                              src/ASF/common/services/usb/class/hid/device/led/udi_hid_led.o (__do_copy_data)
c:/program files (x86)/atmel/studio/7.0/toolchain/avr8/avr8-gnu-toolchain/bin/../lib/gcc/avr/5.4.0/avrxmega6\libgcc.a(_clear_bss.o)
                              src/ASF/common/services/usb/class/hid/device/led/udi_hid_led.o (__do_clear_bss)
c:/program files (x86)/atmel/studio/7.0/toolchain/avr8/avr8-gnu-toolchain/bin/../lib/gcc/avr/5.4.0/../../../../avr/lib/avrxmega6\libc.a(memcpy.o)
                              src/ASF/xmega/drivers/nvm/nvm.o (memcpy)

Allocating common symbols
Common symbol       size              file

jstk_mask           0x1               src/modules/joystick.o
kpd_testMode        0x1               src/modules/keypad.o
jstk_testMode       0x1               src/modules/joystick.o
udd_g_ctrlreq       0x10              src/ASF/xmega/drivers/usb/usb_device.o
sleepmgr_locks      0x6               src/ASF/common/services/sleepmgr/xmega/sleepmgr.o

Discarded input sections

 .data          0x00000000        0x0 C:/Program Files (x86)/Atmel/Studio/7.0/Packs/atmel/XMEGAA_DFP/1.3.146/gcc/dev/atxmega256a3u/avrxmega6/crtatxmega256a3u.o
 .bss           0x00000000        0x0 C:/Program Files (x86)/Atmel/Studio/7.0/Packs/atmel/XMEGAA_DFP/1.3.146/gcc/dev/atxmega256a3u/avrxmega6/crtatxmega256a3u.o
 .group         0x00000000        0x8 src/ASF/common/services/usb/class/hid/device/led/udi_hid_led.o
 .group         0x00000000        0x8 src/ASF/common/services/usb/class/hid/device/led/udi_hid_led.o
 .group         0x00000000        0x8 src/ASF/common/services/usb/class/hid/device/led/udi_hid_led.o
 .group         0x00000000        0x8 src/ASF/common/services/usb/class/hid/device/led/udi_hid_led.o
 .group         0x00000000        0x8 src/ASF/common/services/usb/class/hid/device/led/udi_hid_led.o
 .group         0x00000000        0x8 src/ASF/common/services/usb/class/hid/device/led/udi_hid_led.o
 .group         0x00000000        0x8 src/ASF/common/services/usb/class/hid/device/led/udi_hid_led.o
 .group         0x00000000        0x8 src/ASF/common/services/usb/class/hid/device/led/udi_hid_led.o
 .group         0x00000000        0x8 src/ASF/common/services/usb/class/hid/device/led/udi_hid_led.o
 .group         0x00000000        0x8 src/ASF/common/services/usb/class/hid/device/led/udi_hid_led.o
 .group         0x00000000        0x8 src/ASF/common/services/usb/class/hid/device/led/udi_hid_led.o
 .group         0x00000000        0x8 src/ASF/common/services/usb/class/hid/device/led/udi_hid_led.o
 .group         0x00000000        0x8 src/ASF/common/services/usb/class/hid/device/led/udi_hid_led.o
 .group         0x00000000        0x8 src/ASF/common/services/usb/class/hid/device/led/udi_hid_led.o
 .group         0x00000000        0x8 src/ASF/common/services/usb/class/hid/device/led/udi_hid_led.o
 .group         0x00000000        0x8 src/ASF/common/services/usb/class/hid/device/led/udi_hid_led.o
 .group         0x00000000        0x8 src/ASF/common/services/usb/class/hid/device/led/udi_hid_led.o
 .group         0x00000000        0x8 src/ASF/common/services/usb/class/hid/device/led/udi_hid_led.o
 .group         0x00000000        0x8 src/ASF/common/services/usb/class/hid/device/led/udi_hid_led.o
 .group         0x00000000        0x8 src/ASF/common/services/usb/class/hid/device/led/udi_hid_led.o
 .group         0x00000000        0x8 src/ASF/common/services/usb/class/hid/device/led/udi_hid_led.o
 .group         0x00000000        0x8 src/ASF/common/services/usb/class/hid/device/led/udi_hid_led.o
 .group         0x00000000        0x8 src/ASF/common/services/usb/class/hid/device/led/udi_hid_led.o
 .group         0x00000000        0x8 src/ASF/common/services/usb/class/hid/device/led/udi_hid_led.o
 .group         0x00000000        0x8 src/ASF/common/services/usb/class/hid/device/led/udi_hid_led.o
 .group         0x00000000        0x8 src/ASF/common/services/usb/class/hid/device/led/udi_hid_led.o
 .group         0x00000000        0x8 src/ASF/common/services/usb/class/hid/device/led/udi_hid_led.o
[...]
Memory Configuration

Name             Origin             Length             Attributes
text             0x00000000         0x00042000         xr
data             0x00802000         0x00004000         rw !x
eeprom           0x00810000         0x00001000         rw !x
fuse             0x00820000         0x00000006         rw !x
lock             0x00830000         0x00000400         rw !x
signature        0x00840000         0x00000400         rw !x
user_signatures  0x00850000         0x00000400         rw !x
*default*        0x00000000         0xffffffff

Linker script and memory map

LOAD C:/Program Files (x86)/Atmel/Studio/7.0/Packs/atmel/XMEGAA_DFP/1.3.146/gcc/dev/atxmega256a3u/avrxmega6/crtatxmega256a3u.o
LOAD src/ASF/common/services/usb/class/hid/device/led/udi_hid_led.o
LOAD src/modules/io.o
LOAD src/modules/joystick.o
LOAD src/modules/keypad.o
LOAD src/modules/led.o
LOAD src/modules/ui.o
LOAD src/ASF/common/services/sleepmgr/xmega/sleepmgr.o
LOAD src/ASF/common/services/clock/xmega/sysclk.o
LOAD src/ASF/common/services/usb/class/composite/device/udi_composite_desc.o
LOAD src/ASF/common/services/usb/class/hid/device/generic/udi_hid_generic.o
LOAD src/ASF/common/services/usb/class/hid/device/kbd/udi_hid_kbd.o
LOAD src/ASF/common/services/usb/class/hid/device/udi_hid.o
LOAD src/ASF/common/services/usb/udc/udc.o
LOAD src/ASF/xmega/drivers/nvm/nvm.o
LOAD src/ASF/xmega/drivers/nvm/nvm_asm.o
LOAD src/ASF/xmega/drivers/cpu/ccp.o
LOAD src/ASF/common/services/ioport/xmega/ioport_compat.o
LOAD src/ASF/xmega/boards/stk600/rc064x/init.o
LOAD src/ASF/xmega/drivers/usb/usb_device.o
LOAD src/main.o
START GROUP
LOAD c:/program files (x86)/atmel/studio/7.0/toolchain/avr8/avr8-gnu-toolchain/bin/../lib/gcc/avr/5.4.0/../../../../avr/lib/avrxmega6\libm.a
END GROUP
Address of section .BOOT set to 0x40000
START GROUP
LOAD c:/program files (x86)/atmel/studio/7.0/toolchain/avr8/avr8-gnu-toolchain/bin/../lib/gcc/avr/5.4.0/avrxmega6\libgcc.a
LOAD c:/program files (x86)/atmel/studio/7.0/toolchain/avr8/avr8-gnu-toolchain/bin/../lib/gcc/avr/5.4.0/../../../../avr/lib/avrxmega6\libm.a
LOAD c:/program files (x86)/atmel/studio/7.0/toolchain/avr8/avr8-gnu-toolchain/bin/../lib/gcc/avr/5.4.0/../../../../avr/lib/avrxmega6\libc.a
LOAD C:/Program Files (x86)/Atmel/Studio/7.0/Packs/atmel/XMEGAA_DFP/1.3.146/gcc/dev/atxmega256a3u/avrxmega6\libatxmega256a3u.a
END GROUP
                [0x00000000]                __TEXT_REGION_ORIGIN__ = DEFINED (__TEXT_REGION_ORIGIN__)?__TEXT_REGION_ORIGIN__:0x0
                [0x00802000]                __DATA_REGION_ORIGIN__ = DEFINED (__DATA_REGION_ORIGIN__)?__DATA_REGION_ORIGIN__:0x802000
                [0x00042000]                __TEXT_REGION_LENGTH__ = DEFINED (__TEXT_REGION_LENGTH__)?__TEXT_REGION_LENGTH__:0x100000
                [0x00004000]                __DATA_REGION_LENGTH__ = DEFINED (__DATA_REGION_LENGTH__)?__DATA_REGION_LENGTH__:0xffa0
                [0x00001000]                __EEPROM_REGION_LENGTH__ = DEFINED (__EEPROM_REGION_LENGTH__)?__EEPROM_REGION_LENGTH__:0x10000
                [0x00000006]                __FUSE_REGION_LENGTH__ = DEFINED (__FUSE_REGION_LENGTH__)?__FUSE_REGION_LENGTH__:0x400
                0x00000400                __LOCK_REGION_LENGTH__ = DEFINED (__LOCK_REGION_LENGTH__)?__LOCK_REGION_LENGTH__:0x400
                0x00000400                __SIGNATURE_REGION_LENGTH__ = DEFINED (__SIGNATURE_REGION_LENGTH__)?__SIGNATURE_REGION_LENGTH__:0x400
                0x00000400                __USER_SIGNATURE_REGION_LENGTH__ = DEFINED (__USER_SIGNATURE_REGION_LENGTH__)?__USER_SIGNATURE_REGION_LENGTH__:0x400

.hash
 *(.hash)

.dynsym
 *(.dynsym)

.dynstr
 *(.dynstr)

.gnu.version
 *(.gnu.version)

.gnu.version_d
 *(.gnu.version_d)

.gnu.version_r
 *(.gnu.version_r)

.rel.init
 *(.rel.init)

.rela.init
 *(.rela.init)

.rel.text
 *(.rel.text)
 *(.rel.text.*)
 *(.rel.gnu.linkonce.t*)

.rela.text
 *(.rela.text)
 *(.rela.text.*)
 *(.rela.gnu.linkonce.t*)

.rel.fini
 *(.rel.fini)

.rela.fini
 *(.rela.fini)

.rel.rodata
 *(.rel.rodata)
 *(.rel.rodata.*)
 *(.rel.gnu.linkonce.r*)

.rela.rodata
 *(.rela.rodata)
 *(.rela.rodata.*)
 *(.rela.gnu.linkonce.r*)

.rel.data
 *(.rel.data)
 *(.rel.data.*)
 *(.rel.gnu.linkonce.d*)

.rela.data
 *(.rela.data)
 *(.rela.data.*)
 *(.rela.gnu.linkonce.d*)

.rel.ctors
 *(.rel.ctors)

.rela.ctors
 *(.rela.ctors)

.rel.dtors
 *(.rel.dtors)

.rela.dtors
 *(.rela.dtors)

.rel.got
 *(.rel.got)

.rela.got
 *(.rela.got)

.rel.bss
 *(.rel.bss)

.rela.bss
 *(.rela.bss)

.rel.plt
 *(.rel.plt)

.rela.plt
 *(.rela.plt)

.text           0x00000000     0x2eb8
 *(.vectors)
 .vectors       0x00000000      0x1fc C:/Program Files (x86)/Atmel/Studio/7.0/Packs/atmel/XMEGAA_DFP/1.3.146/gcc/dev/atxmega256a3u/avrxmega6/crtatxmega256a3u.o
                0x00000000                __vector_default
                0x00000000                __vectors
 *(.vectors)
 *(.progmem.gcc*)
 .progmem.gcc_sw_table.keypad_report
                0x000001fc       0x12 src/modules/keypad.o
 .progmem.gcc_sw_table.startupSequence
                0x0000020e       0x10 src/modules/led.o
 .progmem.gcc_sw_table.udd_ep_get_size
                0x0000021e        0xe src/ASF/xmega/drivers/usb/usb_device.o
                0x0000022c                . = ALIGN (0x2)
                0x0000022c                __trampolines_start = .
 *(.trampolines)
 .trampolines   0x0000022c        0x0 linker stubs
 *(.trampolines*)
                0x0000022c                __trampolines_end = .
 *libprintf_flt.a:*(.progmem.data)
 *libc.a:*(.progmem.data)
 *(.progmem*)
                0x0000022c                . = ALIGN (0x2)
 *(.jumptables)
 *(.jumptables*)
 *(.lowtext)
 *(.lowtext*)
                0x0000022c                __ctors_start = .
 *(.ctors)
                0x0000022c                __ctors_end = .
                0x0000022c                __dtors_start = .
 *(.dtors)
                0x0000022c                __dtors_end = .
 SORT(*)(.ctors)
 SORT(*)(.dtors)
 *(.init0)
 .init0         0x0000022c        0x0 C:/Program Files (x86)/Atmel/Studio/7.0/Packs/atmel/XMEGAA_DFP/1.3.146/gcc/dev/atxmega256a3u/avrxmega6/crtatxmega256a3u.o
                0x0000022c                __init
 *(.init0)
 *(.init1)
 *(.init1)
 *(.init2)
 .init2         0x0000022c       0x10 C:/Program Files (x86)/Atmel/Studio/7.0/Packs/atmel/XMEGAA_DFP/1.3.146/gcc/dev/atxmega256a3u/avrxmega6/crtatxmega256a3u.o
 *(.init2)
 *(.init3)
 *(.init3)
 *(.init4)
 .init4         0x0000023c       0x1a c:/program files (x86)/atmel/studio/7.0/toolchain/avr8/avr8-gnu-toolchain/bin/../lib/gcc/avr/5.4.0/avrxmega6\libgcc.a(_copy_data.o)
                0x0000023c                __do_copy_data
 .init4         0x00000256       0x10 c:/program files (x86)/atmel/studio/7.0/toolchain/avr8/avr8-gnu-toolchain/bin/../lib/gcc/avr/5.4.0/avrxmega6\libgcc.a(_clear_bss.o)
                0x00000256                __do_clear_bss
 *(.init4)
 *(.init5)
 *(.init5)
 *(.init6)
 *(.init6)
 *(.init7)
 *(.init7)
 *(.init8)
 *(.init8)
 *(.init9)
 .init9         0x00000266        0x8 C:/Program Files (x86)/Atmel/Studio/7.0/Packs/atmel/XMEGAA_DFP/1.3.146/gcc/dev/atxmega256a3u/avrxmega6/crtatxmega256a3u.o
 *(.init9)
 *(.text)
 .text          0x0000026e        0x2 C:/Program Files (x86)/Atmel/Studio/7.0/Packs/atmel/XMEGAA_DFP/1.3.146/gcc/dev/atxmega256a3u/avrxmega6/crtatxmega256a3u.o
                0x0000026e                __vector_38
                0x0000026e                __vector_104
                0x0000026e                __vector_22
                0x0000026e                __vector_63
                0x0000026e                __vector_28
                0x0000026e                __vector_67
                0x0000026e                __vector_1
                0x0000026e                __vector_119
                0x0000026e                __vector_32
                0x0000026e                __vector_75
                0x0000026e                __vector_71
                0x0000026e                __vector_91
                0x0000026e                __vector_34
                0x0000026e                __vector_62
                0x0000026e                __vector_77
                0x0000026e                __vector_102
                0x0000026e                __vector_24
                0x0000026e                __vector_12
                0x0000026e                __vector_55
                0x0000026e                __vector_69
                0x0000026e                __vector_81
                0x0000026e                __vector_90
                0x0000026e                __vector_46
                0x0000026e                __bad_interrupt
                0x0000026e                __vector_122
                0x0000026e                __vector_72
                0x0000026e                __vector_114
                0x0000026e                __vector_6
                0x0000026e                __vector_110
                0x0000026e                __vector_31
                0x0000026e                __vector_92
                0x0000026e                __vector_35
                0x0000026e                __vector_78
                0x0000026e                __vector_74
                0x0000026e                __vector_117
                0x0000026e                __vector_39
                0x0000026e                __vector_107
                0x0000026e                __vector_3
                0x0000026e                __vector_105
                0x0000026e                __vector_98
                0x0000026e                __vector_23
                0x0000026e                __vector_68
                0x0000026e                __vector_30
                0x0000026e                __vector_73
                0x0000026e                __vector_45
                0x0000026e                __vector_25
                0x0000026e                __vector_93
                0x0000026e                __vector_61
                0x0000026e                __vector_11
                0x0000026e                __vector_54
                0x0000026e                __vector_99
                0x0000026e                __vector_13
                0x0000026e                __vector_17
                0x0000026e                __vector_19
                0x0000026e                __vector_56
                0x0000026e                __vector_7
                0x0000026e                __vector_49
                0x0000026e                __vector_123
                0x0000026e                __vector_41
                0x0000026e                __vector_86
                0x0000026e                __vector_100
                0x0000026e                __vector_101
                0x0000026e                __vector_64
                0x0000026e                __vector_88
                0x0000026e                __vector_109
                0x0000026e                __vector_43
                0x0000026e                __vector_27
                0x0000026e                __vector_5
                0x0000026e                __vector_113
                0x0000026e                __vector_33
                0x0000026e                __vector_76
                0x0000026e                __vector_115
                0x0000026e                __vector_47
                0x0000026e                __vector_52
                0x0000026e                __vector_37
                0x0000026e                __vector_95
                0x0000026e                __vector_103
                0x0000026e                __vector_96
                0x0000026e                __vector_89
                0x0000026e                __vector_108
                0x0000026e                __vector_4
                0x0000026e                __vector_44
                0x0000026e                __vector_82
                0x0000026e                __vector_106
                0x0000026e                __vector_118
                0x0000026e                __vector_51
                0x0000026e                __vector_9
                0x0000026e                __vector_2
                0x0000026e                __vector_21
                0x0000026e                __vector_15
                0x0000026e                __vector_66
                0x0000026e                __vector_36
                0x0000026e                __vector_79
                0x0000026e                __vector_58
                0x0000026e                __vector_70
                0x0000026e                __vector_83
                0x0000026e                __vector_29
                0x0000026e                __vector_60
                0x0000026e                __vector_121
                0x0000026e                __vector_40
                0x0000026e                __vector_85
                0x0000026e                __vector_94
                0x0000026e                __vector_8
                0x0000026e                __vector_26
                0x0000026e                __vector_48
                0x0000026e                __vector_124
                0x0000026e                __vector_116
                0x0000026e                __vector_112
                0x0000026e                __vector_111
                0x0000026e                __vector_80
                0x0000026e                __vector_14
                0x0000026e                __vector_84
                0x0000026e                __vector_57
                0x0000026e                __vector_53
                0x0000026e                __vector_10
                0x0000026e                __vector_50
                0x0000026e                __vector_16
                0x0000026e                __vector_59
                0x0000026e                __vector_18
                0x0000026e                __vector_97
                0x0000026e                __vector_20
                0x0000026e                __vector_42
                0x0000026e                __vector_87
                0x0000026e                __vector_65
                0x0000026e                __vector_120
                0x00000270                . = ALIGN (0x2)
 *(.text.*)
 .text.udi_hid_led_getsetting
                0x00000270        0x4 src/ASF/common/services/usb/class/hid/device/led/udi_hid_led.o
                0x00000270                udi_hid_led_getsetting
 .text.udi_hid_led_setreport
                0x00000274       0x4c src/ASF/common/services/usb/class/hid/device/led/udi_hid_led.o
 .text.udi_hid_led_report_in_sent
                0x000002c0        0x8 src/ASF/common/services/usb/class/hid/device/led/udi_hid_led.o
 .text.udi_hid_led_report_out_enable
                0x000002c8       0x1e src/ASF/common/services/usb/class/hid/device/led/udi_hid_led.o
 .text.udi_hid_led_enable
                0x000002e6       0x20 src/ASF/common/services/usb/class/hid/device/led/udi_hid_led.o
                0x000002e6                udi_hid_led_enable
 .text.udi_hid_led_report_out_received
                0x00000306       0x14 src/ASF/common/services/usb/class/hid/device/led/udi_hid_led.o
 .text.udi_hid_led_disable
                0x0000031a        0x6 src/ASF/common/services/usb/class/hid/device/led/udi_hid_led.o
                0x0000031a                udi_hid_led_disable
 .text.udi_hid_led_setup
                0x00000320       0x16 src/ASF/common/services/usb/class/hid/device/led/udi_hid_led.o
                0x00000320                udi_hid_led_setup
 .text.udi_hid_led_send_report_in
                0x00000336       0x5e src/ASF/common/services/usb/class/hid/device/led/udi_hid_led.o
                0x00000336                udi_hid_led_send_report_in
 .text.io_init  0x00000394       0x8e src/modules/io.o
                0x00000394                io_init
 .text.jstk_readVertIndex
                0x00000422       0x4e src/modules/joystick.o
                0x00000422                jstk_readVertIndex
 .text.jstk_readHoriIndex
                0x00000470       0x46 src/modules/joystick.o
                0x00000470                jstk_readHoriIndex
 .text.jstk_ledMask
                0x000004b6       0xb0 src/modules/joystick.o
                0x000004b6                jstk_ledMask
 .text.jstk_readMask
                0x00000566       0x46 src/modules/joystick.o
                0x00000566                jstk_readMask
 .text.jstk_usbTask
                0x000005ac       0x66 src/modules/joystick.o
                0x000005ac                jstk_usbTask
 .text.joystick
                0x00000612       0x28 src/modules/joystick.o
                0x00000612                joystick
 .text.keypad_init
                0x0000063a       0x70 src/modules/keypad.o
                0x0000063a                keypad_init
 .text.keypad_poll
                0x000006aa      0x14a src/modules/keypad.o
                0x000006aa                keypad_poll
 .text.keypad_getState
                0x000007f4        0x6 src/modules/keypad.o
                0x000007f4                keypad_getState
 .text.keypad_report
                0x000007fa       0xf6 src/modules/keypad.o
                0x000007fa                keypad_report
 .text.keypad   0x000008f0        0x6 src/modules/keypad.o
                0x000008f0                keypad
 .text.led_updateState
                0x000008f6       0x2a src/modules/led.o
 .text.userActivity
                0x00000920       0x30 src/modules/led.o
 .text.led_init
                0x00000950       0x16 src/modules/led.o
                0x00000950                led_init
 .text.led_allOn
                0x00000966        0xc src/modules/led.o
                0x00000966                led_allOn
 .text.led_allOff
                0x00000972        0xc src/modules/led.o
                0x00000972                led_allOff
 .text.led_on   0x0000097e        0xa src/modules/led.o
                0x0000097e                led_on
 .text.led_off  0x00000988        0xa src/modules/led.o
                0x00000988                led_off
 .text.led_toggle
                0x00000992       0x38 src/modules/led.o
                0x00000992                led_toggle
 .text.led_setState
                0x000009ca       0x32 src/modules/led.o
                0x000009ca                led_setState
 .text.led_getMap
                0x000009fc       0x30 src/modules/led.o
                0x000009fc                led_getMap
 .text.led_usbTask
                0x00000a2c       0x1c src/modules/led.o
                0x00000a2c                led_usbTask
 .text.testIndicator
                0x00000a48       0x48 src/modules/led.o
                0x00000a48                testIndicator
 .text.startupSequence
                0x00000a90      0x66c src/modules/led.o
                0x00000a90                startupSequence
 .text.io_ui_process
                0x000010fc        0x4 src/modules/ui.o
                0x000010fc                io_ui_process
 .text.startup_ui_process
                0x00001100        0x4 src/modules/ui.o
                0x00001100                startup_ui_process
 .text.jstk_ui_process
                0x00001104        0x4 src/modules/ui.o
                0x00001104                jstk_ui_process
 .text.kbd_ui_process
                0x00001108        0x4 src/modules/ui.o
                0x00001108                kbd_ui_process
 .text.ui_led_report
                0x0000110c        0x8 src/modules/ui.o
                0x0000110c                ui_led_report
 .text.led_ui_process
                0x00001114        0x4 src/modules/ui.o
                0x00001114                led_ui_process
 .text.status_ui_process
                0x00001118        0x4 src/modules/ui.o
                0x00001118                status_ui_process
 .text.sysclk_init
                0x0000111c       0xee src/ASF/common/services/clock/xmega/sysclk.o
                0x0000111c                sysclk_init
 .text.sysclk_enable_module
                0x0000120a       0x2c src/ASF/common/services/clock/xmega/sysclk.o
                0x0000120a                sysclk_enable_module
 .text.sysclk_enable_usb
                0x00001236       0x8a src/ASF/common/services/clock/xmega/sysclk.o
                0x00001236                sysclk_enable_usb
 .text.udi_hid_generic_getsetting
                0x000012c0        0x4 src/ASF/common/services/usb/class/hid/device/generic/udi_hid_generic.o
                0x000012c0                udi_hid_generic_getsetting
 .text.udi_hid_generic_setreport
                0x000012c4       0x48 src/ASF/common/services/usb/class/hid/device/generic/udi_hid_generic.o
 .text.udi_hid_generic_setfeature_valid
                0x0000130c        0x2 src/ASF/common/services/usb/class/hid/device/generic/udi_hid_generic.o
 .text.udi_hid_generic_report_in_sent
                0x0000130e        0x8 src/ASF/common/services/usb/class/hid/device/generic/udi_hid_generic.o
 .text.udi_hid_generic_enable
                0x00001316       0x14 src/ASF/common/services/usb/class/hid/device/generic/udi_hid_generic.o
                0x00001316                udi_hid_generic_enable
 .text.udi_hid_generic_disable
                0x0000132a        0x6 src/ASF/common/services/usb/class/hid/device/generic/udi_hid_generic.o
                0x0000132a                udi_hid_generic_disable
 .text.udi_hid_generic_setup
                0x00001330       0x14 src/ASF/common/services/usb/class/hid/device/generic/udi_hid_generic.o
                0x00001330                udi_hid_generic_setup
 .text.udi_hid_generic_send_report_in
                0x00001344       0x6a src/ASF/common/services/usb/class/hid/device/generic/udi_hid_generic.o
                0x00001344                udi_hid_generic_send_report_in
 .text.udi_hid_kbd_getsetting
                0x000013ae        0x4 src/ASF/common/services/usb/class/hid/device/kbd/udi_hid_kbd.o
                0x000013ae                udi_hid_kbd_getsetting
 .text.udi_hid_kbd_setreport
                0x000013b2        0x4 src/ASF/common/services/usb/class/hid/device/kbd/udi_hid_kbd.o
 .text.udi_hid_kbd_enable
                0x000013b6       0x24 src/ASF/common/services/usb/class/hid/device/kbd/udi_hid_kbd.o
                0x000013b6                udi_hid_kbd_enable
 .text.udi_hid_kbd_disable
                0x000013da        0x6 src/ASF/common/services/usb/class/hid/device/kbd/udi_hid_kbd.o
                0x000013da                udi_hid_kbd_disable
 .text.udi_hid_kbd_setup
                0x000013e0       0x14 src/ASF/common/services/usb/class/hid/device/kbd/udi_hid_kbd.o
                0x000013e0                udi_hid_kbd_setup
 .text.udi_hid_kbd_send_report
                0x000013f4       0x44 src/ASF/common/services/usb/class/hid/device/kbd/udi_hid_kbd.o
 .text.udi_hid_kbd_report_sent
                0x00001438        0xe src/ASF/common/services/usb/class/hid/device/kbd/udi_hid_kbd.o
 .text.udi_hid_kbd_up
                0x00001446       0x78 src/ASF/common/services/usb/class/hid/device/kbd/udi_hid_kbd.o
                0x00001446                udi_hid_kbd_up
 .text.udi_hid_kbd_down
                0x000014be       0x68 src/ASF/common/services/usb/class/hid/device/kbd/udi_hid_kbd.o
                0x000014be                udi_hid_kbd_down
 .text.udi_hid_setup
                0x00001526      0x140 src/ASF/common/services/usb/class/hid/device/udi_hid.o
                0x00001526                udi_hid_setup
 .text.udc_next_desc_in_iface
                0x00001666       0x6a src/ASF/common/services/usb/udc/udc.o
 .text.udc_valid_address
                0x000016d0        0xa src/ASF/common/services/usb/udc/udc.o
 .text.udc_update_iface_desc
                0x000016da       0x74 src/ASF/common/services/usb/udc/udc.o
 .text.udc_iface_disable
                0x0000174e       0x84 src/ASF/common/services/usb/udc/udc.o
 .text.udc_iface_enable
                0x000017d2       0x64 src/ASF/common/services/usb/udc/udc.o
 .text.udc_get_interface_desc
                0x00001836        0xa src/ASF/common/services/usb/udc/udc.o
                0x00001836                udc_get_interface_desc
 .text.udc_start
                0x00001840        0x4 src/ASF/common/services/usb/udc/udc.o
                0x00001840                udc_start
 .text.udc_reset
                0x00001844       0x54 src/ASF/common/services/usb/udc/udc.o
                0x00001844                udc_reset
 .text.udc_sof_notify
                0x00001898       0x60 src/ASF/common/services/usb/udc/udc.o
                0x00001898                udc_sof_notify
 .text.udc_process_setup
                0x000018f8      0x53c src/ASF/common/services/usb/udc/udc.o
                0x000018f8                udc_process_setup
 .text.nvm_read_byte
                0x00001e34       0x14 src/ASF/xmega/drivers/nvm/nvm_asm.o
                0x00001e34                nvm_read_byte
 .text.ccp_write_io
                0x00001e48        0xc src/ASF/xmega/drivers/cpu/ccp.o
                0x00001e48                ccp_write_io
 .text.udd_sleep_mode
                0x00001e54       0x70 src/ASF/xmega/drivers/usb/usb_device.o
 .text.udd_ctrl_init
                0x00001ec4       0x4a src/ASF/xmega/drivers/usb/usb_device.o
 .text.udd_ctrl_stall_data
                0x00001f0e       0x1c src/ASF/xmega/drivers/usb/usb_device.o
 .text.udd_ctrl_send_zlp_in
                0x00001f2a       0x1c src/ASF/xmega/drivers/usb/usb_device.o
 .text.udd_ctrl_endofrequest
                0x00001f46       0x10 src/ASF/xmega/drivers/usb/usb_device.o
 .text.udd_ctrl_in_sent
                0x00001f56       0xd8 src/ASF/xmega/drivers/usb/usb_device.o
 .text.udd_ep_get_size
                0x0000202e       0x50 src/ASF/xmega/drivers/usb/usb_device.o
 .text.udd_ep_get_job
                0x0000207e       0x36 src/ASF/xmega/drivers/usb/usb_device.o
 .text.udd_ctrl_interrupt_tc_setup
                0x000020b4       0xe2 src/ASF/xmega/drivers/usb/usb_device.o
 .text.udd_ep_trans_complet
                0x00002196      0x2fc src/ASF/xmega/drivers/usb/usb_device.o
 .text.udd_attach
                0x00002492       0x5a src/ASF/xmega/drivers/usb/usb_device.o
                0x00002492                udd_attach
 .text.udd_enable
                0x000024ec      0x116 src/ASF/xmega/drivers/usb/usb_device.o
                0x000024ec                udd_enable
 .text.udd_set_address
                0x00002602        0x6 src/ASF/xmega/drivers/usb/usb_device.o
                0x00002602                udd_set_address
 .text.udd_getaddress
                0x00002608        0x6 src/ASF/xmega/drivers/usb/usb_device.o
                0x00002608                udd_getaddress
 .text.udd_set_setup_payload
                0x0000260e        0xe src/ASF/xmega/drivers/usb/usb_device.o
                0x0000260e                udd_set_setup_payload
 .text.udd_ep_alloc
                0x0000261c      0x110 src/ASF/xmega/drivers/usb/usb_device.o
                0x0000261c                udd_ep_alloc
 .text.udd_ep_is_halted
                0x0000272c       0x36 src/ASF/xmega/drivers/usb/usb_device.o
                0x0000272c                udd_ep_is_halted
 .text.udd_ep_clear_halt
                0x00002762       0x6e src/ASF/xmega/drivers/usb/usb_device.o
                0x00002762                udd_ep_clear_halt
 .text.udd_ep_run
                0x000027d0      0x194 src/ASF/xmega/drivers/usb/usb_device.o
                0x000027d0                udd_ep_run
 .text.udd_ep_abort
                0x00002964       0x9e src/ASF/xmega/drivers/usb/usb_device.o
                0x00002964                udd_ep_abort
 .text.udd_ep_free
                0x00002a02       0x38 src/ASF/xmega/drivers/usb/usb_device.o
                0x00002a02                udd_ep_free
 .text.udd_ep_set_halt
                0x00002a3a       0x3a src/ASF/xmega/drivers/usb/usb_device.o
                0x00002a3a                udd_ep_set_halt
 .text.__vector_125
                0x00002a74      0x17c src/ASF/xmega/drivers/usb/usb_device.o
                0x00002a74                __vector_125
 .text.__vector_126
                0x00002bf0      0x1f0 src/ASF/xmega/drivers/usb/usb_device.o
                0x00002bf0                __vector_126
 .text.main     0x00002de0       0x2e src/main.o
                0x00002de0                main
 .text.main_suspend_action
                0x00002e0e        0x2 src/main.o
                0x00002e0e                main_suspend_action
 .text.main_resume_action
                0x00002e10        0x2 src/main.o
                0x00002e10                main_resume_action
 .text.main_sof_action
                0x00002e12       0x2a src/main.o
                0x00002e12                main_sof_action
 .text.main_remotewakeup_enable
                0x00002e3c        0x2 src/main.o
                0x00002e3c                main_remotewakeup_enable
 .text.main_remotewakeup_disable
                0x00002e3e        0x2 src/main.o
                0x00002e3e                main_remotewakeup_disable
 .text.main_kbd_enable
                0x00002e40        0x8 src/main.o
                0x00002e40                main_kbd_enable
 .text.main_kbd_disable
                0x00002e48        0x6 src/main.o
                0x00002e48                main_kbd_disable
 .text.main_generic_enable
                0x00002e4e        0x8 src/main.o
                0x00002e4e                main_generic_enable
 .text.main_generic_disable
                0x00002e56        0x6 src/main.o
                0x00002e56                main_generic_disable
 .text.main_led_enable
                0x00002e5c        0x8 src/main.o
                0x00002e5c                main_led_enable
 .text.main_led_disable
                0x00002e64        0x6 src/main.o
                0x00002e64                main_led_disable
 .text.libgcc.div
                0x00002e6a       0x28 c:/program files (x86)/atmel/studio/7.0/toolchain/avr8/avr8-gnu-toolchain/bin/../lib/gcc/avr/5.4.0/avrxmega6\libgcc.a(_udivmodhi4.o)
                0x00002e6a                __udivmodhi4
 .text.libgcc   0x00002e92       0x10 c:/program files (x86)/atmel/studio/7.0/toolchain/avr8/avr8-gnu-toolchain/bin/../lib/gcc/avr/5.4.0/avrxmega6\libgcc.a(_tablejump2.o)
                0x00002e92                __tablejump2__
 .text.avr-libc
                0x00002ea2       0x12 c:/program files (x86)/atmel/studio/7.0/toolchain/avr8/avr8-gnu-toolchain/bin/../lib/gcc/avr/5.4.0/../../../../avr/lib/avrxmega6\libc.a(memcpy.o)
                0x00002ea2                memcpy
                0x00002eb4                . = ALIGN (0x2)
 *(.fini9)
 .fini9         0x00002eb4        0x0 c:/program files (x86)/atmel/studio/7.0/toolchain/avr8/avr8-gnu-toolchain/bin/../lib/gcc/avr/5.4.0/avrxmega6\libgcc.a(_exit.o)
                0x00002eb4                _exit
                0x00002eb4                exit
 *(.fini9)
 *(.fini8)
 *(.fini8)
 *(.fini7)
 *(.fini7)
 *(.fini6)
 *(.fini6)
 *(.fini5)
 *(.fini5)
 *(.fini4)
 *(.fini4)
 *(.fini3)
 *(.fini3)
 *(.fini2)
 *(.fini2)
 *(.fini1)
 *(.fini1)
 *(.fini0)
 .fini0         0x00002eb4        0x4 c:/program files (x86)/atmel/studio/7.0/toolchain/avr8/avr8-gnu-toolchain/bin/../lib/gcc/avr/5.4.0/avrxmega6\libgcc.a(_exit.o)
 *(.fini0)
                0x00002eb8                _etext = .

.data           0x00802000      0x184 load address 0x00002eb8
                0x00802000                PROVIDE (__data_start, .)
 *(.data)
 *(.data*)
 .data.udi_hid_led_report_desc
                0x00802000       0x1c src/ASF/common/services/usb/class/hid/device/led/udi_hid_led.o
                0x00802000                udi_hid_led_report_desc
 .data.udi_api_hid_led
                0x0080201c        0xa src/ASF/common/services/usb/class/hid/device/led/udi_hid_led.o
                0x0080201c                udi_api_hid_led
 .data.jstk_prevReport
                0x00802026        0x2 src/modules/joystick.o
 .data.udc_config
                0x00802028        0x6 src/ASF/common/services/usb/class/composite/device/udi_composite_desc.o
                0x00802028                udc_config
 .data.udc_config_lsfs
                0x0080202e        0x4 src/ASF/common/services/usb/class/composite/device/udi_composite_desc.o
                0x0080202e                udc_config_lsfs
 .data.udi_apis
                0x00802032        0x6 src/ASF/common/services/usb/class/composite/device/udi_composite_desc.o
                0x00802032                udi_apis
 .data.udc_desc_fs
                0x00802038       0x5c src/ASF/common/services/usb/class/composite/device/udi_composite_desc.o
                0x00802038                udc_desc_fs
 .data.udc_device_desc
                0x00802094       0x12 src/ASF/common/services/usb/class/composite/device/udi_composite_desc.o
                0x00802094                udc_device_desc
 .data.udi_hid_generic_report_desc
                0x008020a6       0x18 src/ASF/common/services/usb/class/hid/device/generic/udi_hid_generic.o
                0x008020a6                udi_hid_generic_report_desc
 .data.udi_api_hid_generic
                0x008020be        0xa src/ASF/common/services/usb/class/hid/device/generic/udi_hid_generic.o
                0x008020be                udi_api_hid_generic
 .data.udi_hid_kbd_report_desc
                0x008020c8       0x3b src/ASF/common/services/usb/class/hid/device/kbd/udi_hid_kbd.o
                0x008020c8                udi_hid_kbd_report_desc
 .data.udi_api_hid_kbd
                0x00802103        0xa src/ASF/common/services/usb/class/hid/device/kbd/udi_hid_kbd.o
                0x00802103                udi_api_hid_kbd
 *fill*         0x0080210d        0x1 
 .data.udc_string_desc
                0x0080210e       0x38 src/ASF/common/services/usb/udc/udc.o
 .data.udc_string_product_name
                0x00802146       0x1c src/ASF/common/services/usb/udc/udc.o
 .data.udc_string_manufacturer_name
                0x00802162        0xa src/ASF/common/services/usb/udc/udc.o
 .data.udc_string_desc_languageid
                0x0080216c        0x4 src/ASF/common/services/usb/udc/udc.o
 *(.gnu.linkonce.d*)
 *(.rodata)
 .rodata        0x00802170        0x8 src/modules/led.o
 *(.rodata*)
 .rodata.jstk_idx2axis
                0x00802178        0xc src/modules/joystick.o
 *(.gnu.linkonce.r*)
                0x00802184                . = ALIGN (0x2)
                0x00802184                _edata = .
                0x00802184                PROVIDE (__data_end, .)

.bss            0x00802184      0x245
                0x00802184                PROVIDE (__bss_start, .)
 *(.bss)
 *(.bss*)
 .bss.udi_hid_led_report_out
                0x00802184        0x2 src/ASF/common/services/usb/class/hid/device/led/udi_hid_led.o
 .bss.udi_hid_led_report_in
                0x00802186        0x2 src/ASF/common/services/usb/class/hid/device/led/udi_hid_led.o
 .bss.udi_hid_led_b_report_in_free
                0x00802188        0x1 src/ASF/common/services/usb/class/hid/device/led/udi_hid_led.o
 *fill*         0x00802189        0x1 
 .bss.udi_hid_led_protocol
                0x0080218a        0x2 src/ASF/common/services/usb/class/hid/device/led/udi_hid_led.o
 .bss.udi_hid_led_rate
                0x0080218c        0x2 src/ASF/common/services/usb/class/hid/device/led/udi_hid_led.o
 .bss.jstk_usbReport
                0x0080218e        0x2 src/modules/joystick.o
 .bss.kpd_block.5373
                0x00802190        0x1 src/modules/keypad.o
 .bss.kpd_firstCode.5372
                0x00802191        0x1 src/modules/keypad.o
 .bss.kpd_firstKey.5371
                0x00802192        0x1 src/modules/keypad.o
 .bss.prevRowMask.5328
                0x00802193        0x1 src/modules/keypad.o
 .bss.kpd_multiPress
                0x00802194        0x1 src/modules/keypad.o
 .bss.kpd_exitTestMode
                0x00802195        0x1 src/modules/keypad.o
 .bss.kpd_currentCode
                0x00802196        0x1 src/modules/keypad.o
 .bss.kpd_currState
                0x00802197        0x1 src/modules/keypad.o
 .bss.kpd_prevState
                0x00802198        0x1 src/modules/keypad.o
 .bss.kpd_code  0x00802199        0x1 src/modules/keypad.o
 .bss.kpd_keyPressed
                0x0080219a        0x1 src/modules/keypad.o
 .bss.kpd_rowVal
                0x0080219b        0x1 src/modules/keypad.o
 .bss.kpd_colAddr
                0x0080219c        0x5 src/modules/keypad.o
 .bss.kpd_keyAssign
                0x008021a1       0x14 src/modules/keypad.o
 .bss.user_active.5528
                0x008021b5        0x1 src/modules/led.o
 .bss.ledMap    0x008021b6        0x8 src/modules/led.o
 .bss.testMode  0x008021be        0x1 src/modules/led.o
 .bss.sof_ms    0x008021bf        0x2 src/modules/led.o
 *fill*         0x008021c1        0x1 
 .bss.udi_hid_generic_report_feature
                0x008021c2        0x0 src/ASF/common/services/usb/class/hid/device/generic/udi_hid_generic.o
 .bss.udi_hid_generic_report_in
                0x008021c2        0x2 src/ASF/common/services/usb/class/hid/device/generic/udi_hid_generic.o
 .bss.udi_hid_generic_b_report_in_free
                0x008021c4        0x1 src/ASF/common/services/usb/class/hid/device/generic/udi_hid_generic.o
 *fill*         0x008021c5        0x1 
 .bss.udi_hid_generic_protocol
                0x008021c6        0x2 src/ASF/common/services/usb/class/hid/device/generic/udi_hid_generic.o
 .bss.udi_hid_generic_rate
                0x008021c8        0x2 src/ASF/common/services/usb/class/hid/device/generic/udi_hid_generic.o
 .bss.udi_hid_kbd_report_trans
                0x008021ca        0x8 src/ASF/common/services/usb/class/hid/device/kbd/udi_hid_kbd.o
 .bss.udi_hid_kbd_b_report_trans_ongoing
                0x008021d2        0x1 src/ASF/common/services/usb/class/hid/device/kbd/udi_hid_kbd.o
 .bss.udi_hid_kbd_report
                0x008021d3        0x8 src/ASF/common/services/usb/class/hid/device/kbd/udi_hid_kbd.o
 .bss.udi_hid_kbd_b_report_valid
                0x008021db        0x1 src/ASF/common/services/usb/class/hid/device/kbd/udi_hid_kbd.o
 .bss.udi_hid_kbd_protocol
                0x008021dc        0x2 src/ASF/common/services/usb/class/hid/device/kbd/udi_hid_kbd.o
 .bss.udi_hid_kbd_rate
                0x008021de        0x2 src/ASF/common/services/usb/class/hid/device/kbd/udi_hid_kbd.o
 .bss.udc_ep_status.4577
                0x008021e0        0x2 src/ASF/common/services/usb/udc/udc.o
 .bss.udc_ptr_iface
                0x008021e2        0x2 src/ASF/common/services/usb/udc/udc.o
 .bss.udc_ptr_conf
                0x008021e4        0x2 src/ASF/common/services/usb/udc/udc.o
 .bss.udc_num_configuration
                0x008021e6        0x2 src/ASF/common/services/usb/udc/udc.o
 .bss.udc_iface_setting
                0x008021e8        0x2 src/ASF/common/services/usb/udc/udc.o
 .bss.udc_device_status
                0x008021ea        0x2 src/ASF/common/services/usb/udc/udc.o
 .bss.b_shortpacket.5293
                0x008021ec        0x1 src/ASF/xmega/drivers/usb/usb_device.o
 .bss.udd_ep_out_cache_buffer
                0x008021ed      0x100 src/ASF/xmega/drivers/usb/usb_device.o
 .bss.udd_ep_job
                0x008022ed       0x48 src/ASF/xmega/drivers/usb/usb_device.o
 .bss.udd_ctrl_buffer
                0x00802335        0x8 src/ASF/xmega/drivers/usb/usb_device.o
 .bss.udd_ctrl_payload_nb_trans
                0x0080233d        0x2 src/ASF/xmega/drivers/usb/usb_device.o
 .bss.udd_ctrl_prev_payload_nb_trans
                0x0080233f        0x2 src/ASF/xmega/drivers/usb/usb_device.o
 .bss.udd_ep_control_state
                0x00802341        0x1 src/ASF/xmega/drivers/usb/usb_device.o
 *fill*         0x00802342        0x2 
 .bss.udd_sram  0x00802344       0x68 src/ASF/xmega/drivers/usb/usb_device.o
 .bss.udd_b_idle
                0x008023ac        0x1 src/ASF/xmega/drivers/usb/usb_device.o
 .bss.main_b_led_enable
                0x008023ad        0x1 src/main.o
 .bss.main_b_generic_enable
                0x008023ae        0x1 src/main.o
 .bss.main_b_kbd_enable
                0x008023af        0x1 src/main.o
 *(COMMON)
 COMMON         0x008023b0        0x2 src/modules/joystick.o
                0x008023b0                jstk_mask
                0x008023b1                jstk_testMode
 COMMON         0x008023b2        0x1 src/modules/keypad.o
                0x008023b2                kpd_testMode
 COMMON         0x008023b3        0x6 src/ASF/common/services/sleepmgr/xmega/sleepmgr.o
                0x008023b3                sleepmgr_locks
 COMMON         0x008023b9       0x10 src/ASF/xmega/drivers/usb/usb_device.o
                0x008023b9                udd_g_ctrlreq
                0x008023c9                PROVIDE (__bss_end, .)
                0x00002eb8                __data_load_start = LOADADDR (.data)
                0x0000303c                __data_load_end = (__data_load_start + SIZEOF (.data))

.noinit         0x008023c9        0x0
                [!provide]                PROVIDE (__noinit_start, .)
 *(.noinit*)
                [!provide]                PROVIDE (__noinit_end, .)
                0x008023c9                _end = .
                [!provide]                PROVIDE (__heap_start, .)

.eeprom         0x00810000        0x0
 *(.eeprom*)
                0x00810000                __eeprom_end = .

.fuse
 *(.fuse)
 *(.lfuse)
 *(.hfuse)
 *(.efuse)

.lock
 *(.lock*)

.signature
 *(.signature*)

.user_signatures
 *(.user_signatures*)

.stab
 *(.stab)

.stabstr
 *(.stabstr)

.stab.excl
 *(.stab.excl)

.stab.exclstr
 *(.stab.exclstr)

.stab.index
 *(.stab.index)

.stab.indexstr
 *(.stab.indexstr)

.comment        0x00000000       0x30
 *(.comment)
 .comment       0x00000000       0x30 src/ASF/common/services/usb/class/hid/device/led/udi_hid_led.o
                                 0x31 (size before relaxing)
 .comment       0x00000030       0x31 src/modules/io.o
 .comment       0x00000030       0x31 src/modules/joystick.o
 .comment       0x00000030       0x31 src/modules/keypad.o
 .comment       0x00000030       0x31 src/modules/led.o
 .comment       0x00000030       0x31 src/modules/ui.o
 .comment       0x00000030       0x31 src/ASF/common/services/sleepmgr/xmega/sleepmgr.o
 .comment       0x00000030       0x31 src/ASF/common/services/clock/xmega/sysclk.o
 .comment       0x00000030       0x31 src/ASF/common/services/usb/class/composite/device/udi_composite_desc.o
 .comment       0x00000030       0x31 src/ASF/common/services/usb/class/hid/device/generic/udi_hid_generic.o
 .comment       0x00000030       0x31 src/ASF/common/services/usb/class/hid/device/kbd/udi_hid_kbd.o
 .comment       0x00000030       0x31 src/ASF/common/services/usb/class/hid/device/udi_hid.o
 .comment       0x00000030       0x31 src/ASF/common/services/usb/udc/udc.o
 .comment       0x00000030       0x31 src/ASF/xmega/drivers/usb/usb_device.o
 .comment       0x00000030       0x31 src/main.o

.note.gnu.avr.deviceinfo
                0x00000000       0x40
 .note.gnu.avr.deviceinfo
                0x00000000       0x40 C:/Program Files (x86)/Atmel/Studio/7.0/Packs/atmel/XMEGAA_DFP/1.3.146/gcc/dev/atxmega256a3u/avrxmega6/crtatxmega256a3u.o

.note.gnu.build-id
 *(.note.gnu.build-id)

.debug
 *(.debug)

.line
 *(.line)

.debug_srcinfo
 *(.debug_srcinfo)

.debug_sfnames
 *(.debug_sfnames)

.debug_aranges  0x00000000      0x5a8
 *(.debug_aranges)
 .debug_aranges
                0x00000000       0x60 src/ASF/common/services/usb/class/hid/device/led/udi_hid_led.o
 .debug_aranges
                0x00000060       0x20 src/modules/io.o
 .debug_aranges
                0x00000080       0x50 src/modules/joystick.o
 .debug_aranges
                0x000000d0       0x48 src/modules/keypad.o
 .debug_aranges
                0x00000118       0x98 src/modules/led.o
 .debug_aranges
                0x000001b0       0x50 src/modules/ui.o
 .debug_aranges
                0x00000200       0x18 src/ASF/common/services/sleepmgr/xmega/sleepmgr.o
 .debug_aranges
                0x00000218       0x40 src/ASF/common/services/clock/xmega/sysclk.o
 .debug_aranges
                0x00000258       0x18 src/ASF/common/services/usb/class/composite/device/udi_composite_desc.o
 .debug_aranges
                0x00000270       0x58 src/ASF/common/services/usb/class/hid/device/generic/udi_hid_generic.o
 .debug_aranges
                0x000002c8       0x70 src/ASF/common/services/usb/class/hid/device/kbd/udi_hid_kbd.o
 .debug_aranges
                0x00000338       0x20 src/ASF/common/services/usb/class/hid/device/udi_hid.o
 .debug_aranges
                0x00000358       0x70 src/ASF/common/services/usb/udc/udc.o
 .debug_aranges
                0x000003c8       0x28 src/ASF/xmega/drivers/nvm/nvm_asm.o
 .debug_aranges
                0x000003f0       0x20 src/ASF/xmega/drivers/cpu/ccp.o
 .debug_aranges
                0x00000410      0x120 src/ASF/xmega/drivers/usb/usb_device.o
 .debug_aranges
                0x00000530       0x78 src/main.o

.debug_pubnames
 *(.debug_pubnames)

.debug_info     0x00000000     0xb686
 *(.debug_info .gnu.linkonce.wi.*)
 .debug_info    0x00000000     0x3409 C:/Program Files (x86)/Atmel/Studio/7.0/Packs/atmel/XMEGAA_DFP/1.3.146/gcc/dev/atxmega256a3u/avrxmega6/crtatxmega256a3u.o
 .debug_info    0x00003409      0x62b src/ASF/common/services/usb/class/hid/device/led/udi_hid_led.o
 .debug_info    0x00003a34      0x3b1 src/modules/io.o
 .debug_info    0x00003de5      0x71b src/modules/joystick.o
 .debug_info    0x00004500      0x648 src/modules/keypad.o
 .debug_info    0x00004b48     0x117d src/modules/led.o
 .debug_info    0x00005cc5      0x275 src/modules/ui.o
 .debug_info    0x00005f3a      0x129 src/ASF/common/services/sleepmgr/xmega/sleepmgr.o
 .debug_info    0x00006063      0xc76 src/ASF/common/services/clock/xmega/sysclk.o
 .debug_info    0x00006cd9      0x74d src/ASF/common/services/usb/class/composite/device/udi_composite_desc.o
 .debug_info    0x00007426      0x57d src/ASF/common/services/usb/class/hid/device/generic/udi_hid_generic.o
 .debug_info    0x000079a3      0x6c4 src/ASF/common/services/usb/class/hid/device/kbd/udi_hid_kbd.o
 .debug_info    0x00008067      0x383 src/ASF/common/services/usb/class/hid/device/udi_hid.o
 .debug_info    0x000083ea     0x116c src/ASF/common/services/usb/udc/udc.o
 .debug_info    0x00009556       0xb2 src/ASF/xmega/drivers/nvm/nvm_asm.o
 .debug_info    0x00009608       0xb2 src/ASF/xmega/drivers/cpu/ccp.o
 .debug_info    0x000096ba     0x1ba4 src/ASF/xmega/drivers/usb/usb_device.o
 .debug_info    0x0000b25e      0x428 src/main.o

.debug_abbrev   0x00000000     0x52e2
 *(.debug_abbrev)
 .debug_abbrev  0x00000000     0x3148 C:/Program Files (x86)/Atmel/Studio/7.0/Packs/atmel/XMEGAA_DFP/1.3.146/gcc/dev/atxmega256a3u/avrxmega6/crtatxmega256a3u.o
 .debug_abbrev  0x00003148      0x2c9 src/ASF/common/services/usb/class/hid/device/led/udi_hid_led.o
 .debug_abbrev  0x00003411      0x114 src/modules/io.o
 .debug_abbrev  0x00003525      0x25e src/modules/joystick.o
 .debug_abbrev  0x00003783      0x1be src/modules/keypad.o
 .debug_abbrev  0x00003941      0x30a src/modules/led.o
 .debug_abbrev  0x00003c4b       0xe2 src/modules/ui.o
 .debug_abbrev  0x00003d2d       0x84 src/ASF/common/services/sleepmgr/xmega/sleepmgr.o
 .debug_abbrev  0x00003db1      0x26f src/ASF/common/services/clock/xmega/sysclk.o
 .debug_abbrev  0x00004020       0xf1 src/ASF/common/services/usb/class/composite/device/udi_composite_desc.o
 .debug_abbrev  0x00004111      0x2bf src/ASF/common/services/usb/class/hid/device/generic/udi_hid_generic.o
 .debug_abbrev  0x000043d0      0x2b4 src/ASF/common/services/usb/class/hid/device/kbd/udi_hid_kbd.o
 .debug_abbrev  0x00004684      0x17f src/ASF/common/services/usb/class/hid/device/udi_hid.o
 .debug_abbrev  0x00004803      0x35c src/ASF/common/services/usb/udc/udc.o
 .debug_abbrev  0x00004b5f       0x12 src/ASF/xmega/drivers/nvm/nvm_asm.o
 .debug_abbrev  0x00004b71       0x14 src/ASF/xmega/drivers/cpu/ccp.o
 .debug_abbrev  0x00004b85      0x585 src/ASF/xmega/drivers/usb/usb_device.o
 .debug_abbrev  0x0000510a      0x1d8 src/main.o

.debug_line     0x00000000     0x9d6f
 *(.debug_line .debug_line.* .debug_line_end)
 .debug_line    0x00000000      0x39d C:/Program Files (x86)/Atmel/Studio/7.0/Packs/atmel/XMEGAA_DFP/1.3.146/gcc/dev/atxmega256a3u/avrxmega6/crtatxmega256a3u.o
 .debug_line    0x0000039d      0x754 src/ASF/common/services/usb/class/hid/device/led/udi_hid_led.o
 .debug_line    0x00000af1      0xa3e src/modules/io.o
 .debug_line    0x0000152f      0xbca src/modules/joystick.o
 .debug_line    0x000020f9      0xc8f src/modules/keypad.o
 .debug_line    0x00002d88     0x11fa src/modules/led.o
 .debug_line    0x00003f82      0x9b4 src/modules/ui.o
 .debug_line    0x00004936      0x457 src/ASF/common/services/sleepmgr/xmega/sleepmgr.o
 .debug_line    0x00004d8d      0x770 src/ASF/common/services/clock/xmega/sysclk.o
 .debug_line    0x000054fd      0x5b4 src/ASF/common/services/usb/class/composite/device/udi_composite_desc.o
 .debug_line    0x00005ab1      0x71b src/ASF/common/services/usb/class/hid/device/generic/udi_hid_generic.o
 .debug_line    0x000061cc      0x8fc src/ASF/common/services/usb/class/hid/device/kbd/udi_hid_kbd.o
 .debug_line    0x00006ac8      0x69c src/ASF/common/services/usb/class/hid/device/udi_hid.o
 .debug_line    0x00007164      0xb00 src/ASF/common/services/usb/udc/udc.o
 .debug_line    0x00007c64      0x11f src/ASF/xmega/drivers/nvm/nvm_asm.o
 .debug_line    0x00007d83       0x6e src/ASF/xmega/drivers/cpu/ccp.o
 .debug_line    0x00007df1     0x1533 src/ASF/xmega/drivers/usb/usb_device.o
 .debug_line    0x00009324      0xa4b src/main.o

.debug_frame    0x00000000      0xce4
 *(.debug_frame)
 .debug_frame   0x00000000       0xd8 src/ASF/common/services/usb/class/hid/device/led/udi_hid_led.o
 .debug_frame   0x000000d8       0x24 src/modules/io.o
 .debug_frame   0x000000fc       0x8c src/modules/joystick.o
 .debug_frame   0x00000188       0x9c src/modules/keypad.o
 .debug_frame   0x00000224      0x16c src/modules/led.o
 .debug_frame   0x00000390       0x84 src/modules/ui.o
 .debug_frame   0x00000414       0xb0 src/ASF/common/services/clock/xmega/sysclk.o
 .debug_frame   0x000004c4       0xb4 src/ASF/common/services/usb/class/hid/device/generic/udi_hid_generic.o
 .debug_frame   0x00000578      0x130 src/ASF/common/services/usb/class/hid/device/kbd/udi_hid_kbd.o
 .debug_frame   0x000006a8       0x30 src/ASF/common/services/usb/class/hid/device/udi_hid.o
 .debug_frame   0x000006d8      0x114 src/ASF/common/services/usb/udc/udc.o
 .debug_frame   0x000007ec      0x424 src/ASF/xmega/drivers/usb/usb_device.o
 .debug_frame   0x00000c10       0xd4 src/main.o

.debug_str      0x00000000    0x36d10
 *(.debug_str)
 .debug_str     0x00000000     0x223b C:/Program Files (x86)/Atmel/Studio/7.0/Packs/atmel/XMEGAA_DFP/1.3.146/gcc/dev/atxmega256a3u/avrxmega6/crtatxmega256a3u.o
 .debug_str     0x0000223b    0x2c877 src/ASF/common/services/usb/class/hid/device/led/udi_hid_led.o
                              0x2cf13 (size before relaxing)
 .debug_str     0x0002eab2     0x2909 src/modules/io.o
                              0x2f2f0 (size before relaxing)
 .debug_str     0x000313bb      0x1be src/modules/joystick.o
                              0x2f30e (size before relaxing)
 .debug_str     0x00031579      0x1df src/modules/keypad.o
                              0x2f3c9 (size before relaxing)
 .debug_str     0x00031758      0x4d7 src/modules/led.o
                              0x2f754 (size before relaxing)
 .debug_str     0x00031c2f       0x75 src/modules/ui.o
                              0x2f1ab (size before relaxing)
 .debug_str     0x00031ca4       0x96 src/ASF/common/services/sleepmgr/xmega/sleepmgr.o
                              0x299d5 (size before relaxing)
 .debug_str     0x00031d3a      0x7ae src/ASF/common/services/clock/xmega/sysclk.o
                              0x2b794 (size before relaxing)
 .debug_str     0x000324e8      0x574 src/ASF/common/services/usb/class/composite/device/udi_composite_desc.o
                              0x2cf68 (size before relaxing)
 .debug_str     0x00032a5c      0x1ef src/ASF/common/services/usb/class/hid/device/generic/udi_hid_generic.o
                              0x2cf2c (size before relaxing)
 .debug_str     0x00032c4b      0x21a src/ASF/common/services/usb/class/hid/device/kbd/udi_hid_kbd.o
                              0x2ce58 (size before relaxing)
 .debug_str     0x00032e65      0x222 src/ASF/common/services/usb/class/hid/device/udi_hid.o
                              0x2cd47 (size before relaxing)
 .debug_str     0x00033087      0x6e7 src/ASF/common/services/usb/udc/udc.o
                              0x2d5b8 (size before relaxing)
 .debug_str     0x0003376e     0x3532 src/ASF/xmega/drivers/usb/usb_device.o
                              0x3236a (size before relaxing)
 .debug_str     0x00036ca0       0x70 src/main.o
                              0x2f1eb (size before relaxing)

.debug_loc      0x00000000     0x398f
 *(.debug_loc)
 .debug_loc     0x00000000      0x18f src/ASF/common/services/usb/class/hid/device/led/udi_hid_led.o
 .debug_loc     0x0000018f      0x465 src/modules/joystick.o
 .debug_loc     0x000005f4      0x320 src/modules/keypad.o
 .debug_loc     0x00000914      0xec5 src/modules/led.o
 .debug_loc     0x000017d9       0x57 src/modules/ui.o
 .debug_loc     0x00001830      0x40a src/ASF/common/services/clock/xmega/sysclk.o
 .debug_loc     0x00001c3a       0xd6 src/ASF/common/services/usb/class/hid/device/generic/udi_hid_generic.o
 .debug_loc     0x00001d10      0x3a4 src/ASF/common/services/usb/class/hid/device/kbd/udi_hid_kbd.o
 .debug_loc     0x000020b4      0x3ba src/ASF/common/services/usb/class/hid/device/udi_hid.o
 .debug_loc     0x0000246e      0x50d src/ASF/common/services/usb/udc/udc.o
 .debug_loc     0x0000297b      0xfc4 src/ASF/xmega/drivers/usb/usb_device.o
 .debug_loc     0x0000393f       0x50 src/main.o

.debug_macinfo
 *(.debug_macinfo)

.debug_weaknames
 *(.debug_weaknames)

.debug_funcnames
 *(.debug_funcnames)

.debug_typenames
 *(.debug_typenames)

.debug_varnames
 *(.debug_varnames)

.debug_pubtypes
 *(.debug_pubtypes)

.debug_ranges   0x00000000      0x7f0
 *(.debug_ranges)
 .debug_ranges  0x00000000       0x50 src/ASF/common/services/usb/class/hid/device/led/udi_hid_led.o
 .debug_ranges  0x00000050       0x10 src/modules/io.o
 .debug_ranges  0x00000060       0xa0 src/modules/joystick.o
 .debug_ranges  0x00000100       0x98 src/modules/keypad.o
 .debug_ranges  0x00000198      0x2c0 src/modules/led.o
 .debug_ranges  0x00000458       0x40 src/modules/ui.o
 .debug_ranges  0x00000498       0x30 src/ASF/common/services/clock/xmega/sysclk.o
 .debug_ranges  0x000004c8       0x48 src/ASF/common/services/usb/class/hid/device/generic/udi_hid_generic.o
 .debug_ranges  0x00000510       0x60 src/ASF/common/services/usb/class/hid/device/kbd/udi_hid_kbd.o
 .debug_ranges  0x00000570       0x28 src/ASF/common/services/usb/class/hid/device/udi_hid.o
 .debug_ranges  0x00000598       0x90 src/ASF/common/services/usb/udc/udc.o
 .debug_ranges  0x00000628       0x20 src/ASF/xmega/drivers/nvm/nvm_asm.o
 .debug_ranges  0x00000648      0x140 src/ASF/xmega/drivers/usb/usb_device.o
 .debug_ranges  0x00000788       0x68 src/main.o

.debug_macro    0x00000000     0xcd69
 *(.debug_macro)
 .debug_macro   0x00000000      0x23f src/ASF/common/services/usb/class/hid/device/led/udi_hid_led.o
 .debug_macro   0x0000023f      0xa96 src/ASF/common/services/usb/class/hid/device/led/udi_hid_led.o
 .debug_macro   0x00000cd5       0x10 src/ASF/common/services/usb/class/hid/device/led/udi_hid_led.o
 .debug_macro   0x00000ce5      0x1c9 src/ASF/common/services/usb/class/hid/device/led/udi_hid_led.o
 .debug_macro   0x00000eae      0x2fc src/ASF/common/services/usb/class/hid/device/led/udi_hid_led.o
 .debug_macro   0x000011aa       0x9e src/ASF/common/services/usb/class/hid/device/led/udi_hid_led.o
 .debug_macro   0x00001248     0x6320 src/ASF/common/services/usb/class/hid/device/led/udi_hid_led.o
 .debug_macro   0x00007568       0x9a src/ASF/common/services/usb/class/hid/device/led/udi_hid_led.o
 .debug_macro   0x00007602       0xf1 src/ASF/common/services/usb/class/hid/device/led/udi_hid_led.o
 .debug_macro   0x000076f3       0x34 src/ASF/common/services/usb/class/hid/device/led/udi_hid_led.o
 .debug_macro   0x00007727       0x16 src/ASF/common/services/usb/class/hid/device/led/udi_hid_led.o
 .debug_macro   0x0000773d       0x18 src/ASF/common/services/usb/class/hid/device/led/udi_hid_led.o
 .debug_macro   0x00007755       0x5e src/ASF/common/services/usb/class/hid/device/led/udi_hid_led.o
 .debug_macro   0x000077b3       0x10 src/ASF/common/services/usb/class/hid/device/led/udi_hid_led.o
 .debug_macro   0x000077c3       0x22 src/ASF/common/services/usb/class/hid/device/led/udi_hid_led.o
 .debug_macro   0x000077e5      0x16d src/ASF/common/services/usb/class/hid/device/led/udi_hid_led.o
 .debug_macro   0x00007952       0x1c src/ASF/common/services/usb/class/hid/device/led/udi_hid_led.o
 .debug_macro   0x0000796e       0x35 src/ASF/common/services/usb/class/hid/device/led/udi_hid_led.o
 .debug_macro   0x000079a3       0x66 src/ASF/common/services/usb/class/hid/device/led/udi_hid_led.o
 .debug_macro   0x00007a09      0x71d src/ASF/common/services/usb/class/hid/device/led/udi_hid_led.o
 .debug_macro   0x00008126       0x96 src/ASF/common/services/usb/class/hid/device/led/udi_hid_led.o
 .debug_macro   0x000081bc       0x17 src/ASF/common/services/usb/class/hid/device/led/udi_hid_led.o
 .debug_macro   0x000081d3      0x250 src/ASF/common/services/usb/class/hid/device/led/udi_hid_led.o
 .debug_macro   0x00008423       0x76 src/ASF/common/services/usb/class/hid/device/led/udi_hid_led.o
 .debug_macro   0x00008499       0x16 src/ASF/common/services/usb/class/hid/device/led/udi_hid_led.o
 .debug_macro   0x000084af      0x6d9 src/ASF/common/services/usb/class/hid/device/led/udi_hid_led.o
 .debug_macro   0x00008b88       0x10 src/ASF/common/services/usb/class/hid/device/led/udi_hid_led.o
 .debug_macro   0x00008b98      0x175 src/ASF/common/services/usb/class/hid/device/led/udi_hid_led.o
 .debug_macro   0x00008d0d       0x40 src/ASF/common/services/usb/class/hid/device/led/udi_hid_led.o
 .debug_macro   0x00008d4d       0x69 src/ASF/common/services/usb/class/hid/device/led/udi_hid_led.o
 .debug_macro   0x00008db6       0x31 src/ASF/common/services/usb/class/hid/device/led/udi_hid_led.o
 .debug_macro   0x00008de7       0xe4 src/ASF/common/services/usb/class/hid/device/led/udi_hid_led.o
 .debug_macro   0x00008ecb      0x111 src/ASF/common/services/usb/class/hid/device/led/udi_hid_led.o
 .debug_macro   0x00008fdc      0x241 src/ASF/common/services/usb/class/hid/device/led/udi_hid_led.o
 .debug_macro   0x0000921d      0x162 src/ASF/common/services/usb/class/hid/device/led/udi_hid_led.o
 .debug_macro   0x0000937f      0x44f src/ASF/common/services/usb/class/hid/device/led/udi_hid_led.o
 .debug_macro   0x000097ce       0x16 src/ASF/common/services/usb/class/hid/device/led/udi_hid_led.o
 .debug_macro   0x000097e4       0x16 src/ASF/common/services/usb/class/hid/device/led/udi_hid_led.o
 .debug_macro   0x000097fa       0x16 src/ASF/common/services/usb/class/hid/device/led/udi_hid_led.o
 .debug_macro   0x00009810       0x16 src/ASF/common/services/usb/class/hid/device/led/udi_hid_led.o
 .debug_macro   0x00009826       0x1c src/ASF/common/services/usb/class/hid/device/led/udi_hid_led.o
 .debug_macro   0x00009842       0x16 src/ASF/common/services/usb/class/hid/device/led/udi_hid_led.o
 .debug_macro   0x00009858      0x354 src/modules/io.o
 .debug_macro   0x00009bac       0x34 src/modules/io.o
 .debug_macro   0x00009be0       0x82 src/modules/io.o
 .debug_macro   0x00009c62      0x102 src/modules/io.o
 .debug_macro   0x00009d64       0x40 src/modules/io.o
 .debug_macro   0x00009da4      0x2df src/modules/io.o
 .debug_macro   0x0000a083       0xad src/modules/io.o
 .debug_macro   0x0000a130       0x26 src/modules/io.o
 .debug_macro   0x0000a156       0x1c src/modules/io.o
 .debug_macro   0x0000a172       0x42 src/modules/io.o
 .debug_macro   0x0000a1b4       0x10 src/modules/io.o
 .debug_macro   0x0000a1c4       0x2e src/modules/io.o
 .debug_macro   0x0000a1f2       0x79 src/modules/io.o
 .debug_macro   0x0000a26b       0x2f src/modules/io.o
 .debug_macro   0x0000a29a      0x154 src/modules/io.o
 .debug_macro   0x0000a3ee      0x117 src/modules/io.o
 .debug_macro   0x0000a505       0x10 src/modules/io.o
 .debug_macro   0x0000a515       0x22 src/modules/io.o
 .debug_macro   0x0000a537       0x52 src/modules/io.o
 .debug_macro   0x0000a589       0x22 src/modules/io.o
 .debug_macro   0x0000a5ab      0x351 src/modules/joystick.o
 .debug_macro   0x0000a8fc      0x34e src/modules/keypad.o
 .debug_macro   0x0000ac4a      0x377 src/modules/led.o
 .debug_macro   0x0000afc1      0x160 src/modules/led.o
 .debug_macro   0x0000b121      0x362 src/modules/ui.o
 .debug_macro   0x0000b483      0x1a3 src/ASF/common/services/sleepmgr/xmega/sleepmgr.o
 .debug_macro   0x0000b626      0x1db src/ASF/common/services/clock/xmega/sysclk.o
 .debug_macro   0x0000b801      0x20b src/ASF/common/services/usb/class/composite/device/udi_composite_desc.o
 .debug_macro   0x0000ba0c      0x23f src/ASF/common/services/usb/class/hid/device/generic/udi_hid_generic.o
 .debug_macro   0x0000bc4b      0x245 src/ASF/common/services/usb/class/hid/device/kbd/udi_hid_kbd.o
 .debug_macro   0x0000be90      0x223 src/ASF/common/services/usb/class/hid/device/udi_hid.o
 .debug_macro   0x0000c0b3      0x228 src/ASF/common/services/usb/udc/udc.o
 .debug_macro   0x0000c2db      0x2f1 src/ASF/xmega/drivers/usb/usb_device.o
 .debug_macro   0x0000c5cc      0x461 src/ASF/xmega/drivers/usb/usb_device.o
 .debug_macro   0x0000ca2d      0x33c src/main.o
OUTPUT(CompositeImplementation.elf elf32-avr)
LOAD linker stubs

.BOOT           0x00040000        0x0
