Archive member included to satisfy reference by file (symbol)

c:/program files (x86)/atmel/studio/7.0/toolchain/avr8/avr8-gnu-toolchain/bin/../lib/gcc/avr/5.4.0/avrxmega6\libgcc.a(_udivmodhi4.o)
                              src/ASF/xmega/drivers/usb/usb_device.o (__udivmodhi4)
c:/program files (x86)/atmel/studio/7.0/toolchain/avr8/avr8-gnu-toolchain/bin/../lib/gcc/avr/5.4.0/avrxmega6\libgcc.a(_exit.o)
                              C:/Program Files (x86)/Atmel/Studio/7.0/Packs/atmel/XMEGAA_DFP/1.3.146/gcc/dev/atxmega256a3u/avrxmega6/crtatxmega256a3u.o (exit)
c:/program files (x86)/atmel/studio/7.0/toolchain/avr8/avr8-gnu-toolchain/bin/../lib/gcc/avr/5.4.0/avrxmega6\libgcc.a(_tablejump2.o)
                              src/modules/keypad.o (__tablejump2__)
c:/program files (x86)/atmel/studio/7.0/toolchain/avr8/avr8-gnu-toolchain/bin/../lib/gcc/avr/5.4.0/avrxmega6\libgcc.a(_copy_data.o)
                              src/ASF/common/services/usb/class/hid/device/led/udi_hid_led.o (__do_copy_data)
c:/program files (x86)/atmel/studio/7.0/toolchain/avr8/avr8-gnu-toolchain/bin/../lib/gcc/avr/5.4.0/avrxmega6\libgcc.a(_clear_bss.o)
                              src/ASF/common/services/usb/class/hid/device/led/udi_hid_led.o (__do_clear_bss)
c:/program files (x86)/atmel/studio/7.0/toolchain/avr8/avr8-gnu-toolchain/bin/../lib/gcc/avr/5.4.0/../../../../avr/lib/avrxmega6\libc.a(memcpy.o)
                              src/ASF/xmega/drivers/nvm/nvm.o (memcpy)

Allocating common symbols
Common symbol       size              file

jstk_mask           0x1               src/modules/joystick.o
kpd_testMode        0x1               src/modules/keypad.o
jstk_testMode       0x1               src/modules/joystick.o
udd_g_ctrlreq       0x10              src/ASF/xmega/drivers/usb/usb_device.o
sleepmgr_locks      0x6               src/ASF/common/services/sleepmgr/xmega/sleepmgr.o

Discarded input sections

 .data          0x00000000        0x0 C:/Program Files (x86)/Atmel/Studio/7.0/Packs/atmel/XMEGAA_DFP/1.3.146/gcc/dev/atxmega256a3u/avrxmega6/crtatxmega256a3u.o
 .bss           0x00000000        0x0 C:/Program Files (x86)/Atmel/Studio/7.0/Packs/atmel/XMEGAA_DFP/1.3.146/gcc/dev/atxmega256a3u/avrxmega6/crtatxmega256a3u.o
 .group         0x00000000        0x8 src/ASF/common/services/usb/class/hid/device/led/udi_hid_led.o
 .group         0x00000000        0x8 src/ASF/common/services/usb/class/hid/device/led/udi_hid_led.o
 .group         0x00000000        0x8 src/ASF/common/services/usb/class/hid/device/led/udi_hid_led.o
 .group         0x00000000        0x8 src/ASF/common/services/usb/class/hid/device/led/udi_hid_led.o
 .group         0x00000000        0x8 src/ASF/common/services/usb/class/hid/device/led/udi_hid_led.o
 .group         0x00000000        0x8 src/ASF/common/services/usb/class/hid/device/led/udi_hid_led.o
 .group         0x00000000        0x8 src/ASF/common/services/usb/class/hid/device/led/udi_hid_led.o
 .group         0x00000000        0x8 src/ASF/common/services/usb/class/hid/device/led/udi_hid_led.o
 .group         0x00000000        0x8 src/ASF/common/services/usb/class/hid/device/led/udi_hid_led.o
 .group         0x00000000        0x8 src/ASF/common/services/usb/class/hid/device/led/udi_hid_led.o
 .group         0x00000000        0x8 src/ASF/common/services/usb/class/hid/device/led/udi_hid_led.o
 .group         0x00000000        0x8 src/ASF/common/services/usb/class/hid/device/led/udi_hid_led.o
 .group         0x00000000        0x8 src/ASF/common/services/usb/class/hid/device/led/udi_hid_led.o
 .group         0x00000000        0x8 src/ASF/common/services/usb/class/hid/device/led/udi_hid_led.o
 .group         0x00000000        0x8 src/ASF/common/services/usb/class/hid/device/led/udi_hid_led.o
 .group         0x00000000        0x8 src/ASF/common/services/usb/class/hid/device/led/udi_hid_led.o
 .group         0x00000000        0x8 src/ASF/common/services/usb/class/hid/device/led/udi_hid_led.o
 .group         0x00000000        0x8 src/ASF/common/services/usb/class/hid/device/led/udi_hid_led.o
 .group         0x00000000        0x8 src/ASF/common/services/usb/class/hid/device/led/udi_hid_led.o
 .group         0x00000000        0x8 src/ASF/common/services/usb/class/hid/device/led/udi_hid_led.o
 .group         0x00000000        0x8 src/ASF/common/services/usb/class/hid/device/led/udi_hid_led.o
 .group         0x00000000        0x8 src/ASF/common/services/usb/class/hid/device/led/udi_hid_led.o
 .group         0x00000000        0x8 src/ASF/common/services/usb/class/hid/device/led/udi_hid_led.o
 .group         0x00000000        0x8 src/ASF/common/services/usb/class/hid/device/led/udi_hid_led.o
 .group         0x00000000        0x8 src/ASF/common/services/usb/class/hid/device/led/udi_hid_led.o
 .group         0x00000000        0x8 src/ASF/common/services/usb/class/hid/device/led/udi_hid_led.o
 .group         0x00000000        0x8 src/ASF/common/services/usb/class/hid/device/led/udi_hid_led.o
[...]
Memory Configuration

Name             Origin             Length             Attributes
text             0x00000000         0x00042000         xr
data             0x00802000         0x00004000         rw !x
eeprom           0x00810000         0x00001000         rw !x
fuse             0x00820000         0x00000006         rw !x
lock             0x00830000         0x00000400         rw !x
signature        0x00840000         0x00000400         rw !x
user_signatures  0x00850000         0x00000400         rw !x
*default*        0x00000000         0xffffffff

Linker script and memory map

LOAD C:/Program Files (x86)/Atmel/Studio/7.0/Packs/atmel/XMEGAA_DFP/1.3.146/gcc/dev/atxmega256a3u/avrxmega6/crtatxmega256a3u.o
LOAD src/ASF/common/services/usb/class/hid/device/led/udi_hid_led.o
LOAD src/modules/io.o
LOAD src/modules/joystick.o
LOAD src/modules/keypad.o
LOAD src/modules/led.o
LOAD src/modules/ui.o
LOAD src/ASF/common/services/sleepmgr/xmega/sleepmgr.o
LOAD src/ASF/common/services/clock/xmega/sysclk.o
LOAD src/ASF/common/services/usb/class/composite/device/udi_composite_desc.o
LOAD src/ASF/common/services/usb/class/hid/device/generic/udi_hid_generic.o
LOAD src/ASF/common/services/usb/class/hid/device/kbd/udi_hid_kbd.o
LOAD src/ASF/common/services/usb/class/hid/device/udi_hid.o
LOAD src/ASF/common/services/usb/udc/udc.o
LOAD src/ASF/xmega/drivers/nvm/nvm.o
LOAD src/ASF/xmega/drivers/nvm/nvm_asm.o
LOAD src/ASF/xmega/drivers/cpu/ccp.o
LOAD src/ASF/common/services/ioport/xmega/ioport_compat.o
LOAD src/ASF/xmega/boards/stk600/rc064x/init.o
LOAD src/ASF/xmega/drivers/usb/usb_device.o
LOAD src/main.o
START GROUP
LOAD c:/program files (x86)/atmel/studio/7.0/toolchain/avr8/avr8-gnu-toolchain/bin/../lib/gcc/avr/5.4.0/../../../../avr/lib/avrxmega6\libm.a
END GROUP
Address of section .BOOT set to 0x40000
START GROUP
LOAD c:/program files (x86)/atmel/studio/7.0/toolchain/avr8/avr8-gnu-toolchain/bin/../lib/gcc/avr/5.4.0/avrxmega6\libgcc.a
LOAD c:/program files (x86)/atmel/studio/7.0/toolchain/avr8/avr8-gnu-toolchain/bin/../lib/gcc/avr/5.4.0/../../../../avr/lib/avrxmega6\libm.a
LOAD c:/program files (x86)/atmel/studio/7.0/toolchain/avr8/avr8-gnu-toolchain/bin/../lib/gcc/avr/5.4.0/../../../../avr/lib/avrxmega6\libc.a
LOAD C:/Program Files (x86)/Atmel/Studio/7.0/Packs/atmel/XMEGAA_DFP/1.3.146/gcc/dev/atxmega256a3u/avrxmega6\libatxmega256a3u.a
END GROUP
                [0x00000000]                __TEXT_REGION_ORIGIN__ = DEFINED (__TEXT_REGION_ORIGIN__)?__TEXT_REGION_ORIGIN__:0x0
                [0x00802000]                __DATA_REGION_ORIGIN__ = DEFINED (__DATA_REGION_ORIGIN__)?__DATA_REGION_ORIGIN__:0x802000
                [0x00042000]                __TEXT_REGION_LENGTH__ = DEFINED (__TEXT_REGION_LENGTH__)?__TEXT_REGION_LENGTH__:0x100000
                [0x00004000]                __DATA_REGION_LENGTH__ = DEFINED (__DATA_REGION_LENGTH__)?__DATA_REGION_LENGTH__:0xffa0
                [0x00001000]                __EEPROM_REGION_LENGTH__ = DEFINED (__EEPROM_REGION_LENGTH__)?__EEPROM_REGION_LENGTH__:0x10000
                [0x00000006]                __FUSE_REGION_LENGTH__ = DEFINED (__FUSE_REGION_LENGTH__)?__FUSE_REGION_LENGTH__:0x400
                0x00000400                __LOCK_REGION_LENGTH__ = DEFINED (__LOCK_REGION_LENGTH__)?__LOCK_REGION_LENGTH__:0x400
                0x00000400                __SIGNATURE_REGION_LENGTH__ = DEFINED (__SIGNATURE_REGION_LENGTH__)?__SIGNATURE_REGION_LENGTH__:0x400
                0x00000400                __USER_SIGNATURE_REGION_LENGTH__ = DEFINED (__USER_SIGNATURE_REGION_LENGTH__)?__USER_SIGNATURE_REGION_LENGTH__:0x400

.hash
 *(.hash)

.dynsym
 *(.dynsym)

.dynstr
 *(.dynstr)

.gnu.version
 *(.gnu.version)

.gnu.version_d
 *(.gnu.version_d)

.gnu.version_r
 *(.gnu.version_r)

.rel.init
 *(.rel.init)

.rela.init
 *(.rela.init)

.rel.text
 *(.rel.text)
 *(.rel.text.*)
 *(.rel.gnu.linkonce.t*)

.rela.text
 *(.rela.text)
 *(.rela.text.*)
 *(.rela.gnu.linkonce.t*)

.rel.fini
 *(.rel.fini)

.rela.fini
 *(.rela.fini)

.rel.rodata
 *(.rel.rodata)
 *(.rel.rodata.*)
 *(.rel.gnu.linkonce.r*)

.rela.rodata
 *(.rela.rodata)
 *(.rela.rodata.*)
 *(.rela.gnu.linkonce.r*)

.rel.data
 *(.rel.data)
 *(.rel.data.*)
 *(.rel.gnu.linkonce.d*)

.rela.data
 *(.rela.data)
 *(.rela.data.*)
 *(.rela.gnu.linkonce.d*)

.rel.ctors
 *(.rel.ctors)

.rela.ctors
 *(.rela.ctors)

.rel.dtors
 *(.rel.dtors)

.rela.dtors
 *(.rela.dtors)

.rel.got
 *(.rel.got)

.rela.got
 *(.rela.got)

.rel.bss
 *(.rel.bss)

.rela.bss
 *(.rela.bss)

.rel.plt
 *(.rel.plt)

.rela.plt
 *(.rela.plt)

.text           0x00000000     0x2770
 *(.vectors)
 .vectors       0x00000000      0x1fc C:/Program Files (x86)/Atmel/Studio/7.0/Packs/atmel/XMEGAA_DFP/1.3.146/gcc/dev/atxmega256a3u/avrxmega6/crtatxmega256a3u.o
                0x00000000                __vector_default
                0x00000000                __vectors
 *(.vectors)
 *(.progmem.gcc*)
 .progmem.gcc_sw_table.keypad_report
                0x000001fc       0x12 src/modules/keypad.o
 .progmem.gcc_sw_table.udd_ep_get_size
                0x0000020e        0xe src/ASF/xmega/drivers/usb/usb_device.o
                0x0000021c                . = ALIGN (0x2)
                0x0000021c                __trampolines_start = .
 *(.trampolines)
 .trampolines   0x0000021c        0x0 linker stubs
 *(.trampolines*)
                0x0000021c                __trampolines_end = .
 *libprintf_flt.a:*(.progmem.data)
 *libc.a:*(.progmem.data)
 *(.progmem*)
                0x0000021c                . = ALIGN (0x2)
 *(.jumptables)
 *(.jumptables*)
 *(.lowtext)
 *(.lowtext*)
                0x0000021c                __ctors_start = .
 *(.ctors)
                0x0000021c                __ctors_end = .
                0x0000021c                __dtors_start = .
 *(.dtors)
                0x0000021c                __dtors_end = .
 SORT(*)(.ctors)
 SORT(*)(.dtors)
 *(.init0)
 .init0         0x0000021c        0x0 C:/Program Files (x86)/Atmel/Studio/7.0/Packs/atmel/XMEGAA_DFP/1.3.146/gcc/dev/atxmega256a3u/avrxmega6/crtatxmega256a3u.o
                0x0000021c                __init
 *(.init0)
 *(.init1)
 *(.init1)
 *(.init2)
 .init2         0x0000021c       0x10 C:/Program Files (x86)/Atmel/Studio/7.0/Packs/atmel/XMEGAA_DFP/1.3.146/gcc/dev/atxmega256a3u/avrxmega6/crtatxmega256a3u.o
 *(.init2)
 *(.init3)
 *(.init3)
 *(.init4)
 .init4         0x0000022c       0x1a c:/program files (x86)/atmel/studio/7.0/toolchain/avr8/avr8-gnu-toolchain/bin/../lib/gcc/avr/5.4.0/avrxmega6\libgcc.a(_copy_data.o)
                0x0000022c                __do_copy_data
 .init4         0x00000246       0x10 c:/program files (x86)/atmel/studio/7.0/toolchain/avr8/avr8-gnu-toolchain/bin/../lib/gcc/avr/5.4.0/avrxmega6\libgcc.a(_clear_bss.o)
                0x00000246                __do_clear_bss
 *(.init4)
 *(.init5)
 *(.init5)
 *(.init6)
 *(.init6)
 *(.init7)
 *(.init7)
 *(.init8)
 *(.init8)
 *(.init9)
 .init9         0x00000256        0x8 C:/Program Files (x86)/Atmel/Studio/7.0/Packs/atmel/XMEGAA_DFP/1.3.146/gcc/dev/atxmega256a3u/avrxmega6/crtatxmega256a3u.o
 *(.init9)
 *(.text)
 .text          0x0000025e        0x2 C:/Program Files (x86)/Atmel/Studio/7.0/Packs/atmel/XMEGAA_DFP/1.3.146/gcc/dev/atxmega256a3u/avrxmega6/crtatxmega256a3u.o
                0x0000025e                __vector_38
                0x0000025e                __vector_104
                0x0000025e                __vector_22
                0x0000025e                __vector_63
                0x0000025e                __vector_28
                0x0000025e                __vector_67
                0x0000025e                __vector_1
                0x0000025e                __vector_119
                0x0000025e                __vector_32
                0x0000025e                __vector_75
                0x0000025e                __vector_71
                0x0000025e                __vector_91
                0x0000025e                __vector_34
                0x0000025e                __vector_62
                0x0000025e                __vector_77
                0x0000025e                __vector_102
                0x0000025e                __vector_24
                0x0000025e                __vector_12
                0x0000025e                __vector_55
                0x0000025e                __vector_69
                0x0000025e                __vector_81
                0x0000025e                __vector_90
                0x0000025e                __vector_46
                0x0000025e                __bad_interrupt
                0x0000025e                __vector_122
                0x0000025e                __vector_72
                0x0000025e                __vector_114
                0x0000025e                __vector_6
                0x0000025e                __vector_110
                0x0000025e                __vector_31
                0x0000025e                __vector_92
                0x0000025e                __vector_35
                0x0000025e                __vector_78
                0x0000025e                __vector_74
                0x0000025e                __vector_117
                0x0000025e                __vector_39
                0x0000025e                __vector_107
                0x0000025e                __vector_3
                0x0000025e                __vector_105
                0x0000025e                __vector_98
                0x0000025e                __vector_23
                0x0000025e                __vector_68
                0x0000025e                __vector_30
                0x0000025e                __vector_73
                0x0000025e                __vector_45
                0x0000025e                __vector_25
                0x0000025e                __vector_93
                0x0000025e                __vector_61
                0x0000025e                __vector_11
                0x0000025e                __vector_54
                0x0000025e                __vector_99
                0x0000025e                __vector_13
                0x0000025e                __vector_17
                0x0000025e                __vector_19
                0x0000025e                __vector_56
                0x0000025e                __vector_7
                0x0000025e                __vector_49
                0x0000025e                __vector_123
                0x0000025e                __vector_41
                0x0000025e                __vector_86
                0x0000025e                __vector_100
                0x0000025e                __vector_101
                0x0000025e                __vector_64
                0x0000025e                __vector_88
                0x0000025e                __vector_109
                0x0000025e                __vector_43
                0x0000025e                __vector_27
                0x0000025e                __vector_5
                0x0000025e                __vector_113
                0x0000025e                __vector_33
                0x0000025e                __vector_76
                0x0000025e                __vector_115
                0x0000025e                __vector_47
                0x0000025e                __vector_52
                0x0000025e                __vector_37
                0x0000025e                __vector_95
                0x0000025e                __vector_103
                0x0000025e                __vector_96
                0x0000025e                __vector_89
                0x0000025e                __vector_108
                0x0000025e                __vector_4
                0x0000025e                __vector_44
                0x0000025e                __vector_82
                0x0000025e                __vector_106
                0x0000025e                __vector_118
                0x0000025e                __vector_51
                0x0000025e                __vector_9
                0x0000025e                __vector_2
                0x0000025e                __vector_21
                0x0000025e                __vector_15
                0x0000025e                __vector_66
                0x0000025e                __vector_36
                0x0000025e                __vector_79
                0x0000025e                __vector_58
                0x0000025e                __vector_70
                0x0000025e                __vector_83
                0x0000025e                __vector_29
                0x0000025e                __vector_60
                0x0000025e                __vector_121
                0x0000025e                __vector_40
                0x0000025e                __vector_85
                0x0000025e                __vector_94
                0x0000025e                __vector_8
                0x0000025e                __vector_26
                0x0000025e                __vector_48
                0x0000025e                __vector_124
                0x0000025e                __vector_116
                0x0000025e                __vector_112
                0x0000025e                __vector_111
                0x0000025e                __vector_80
                0x0000025e                __vector_14
                0x0000025e                __vector_84
                0x0000025e                __vector_57
                0x0000025e                __vector_53
                0x0000025e                __vector_10
                0x0000025e                __vector_50
                0x0000025e                __vector_16
                0x0000025e                __vector_59
                0x0000025e                __vector_18
                0x0000025e                __vector_97
                0x0000025e                __vector_20
                0x0000025e                __vector_42
                0x0000025e                __vector_87
                0x0000025e                __vector_65
                0x0000025e                __vector_120
                0x00000260                . = ALIGN (0x2)
 *(.text.*)
 .text.udi_hid_led_getsetting
                0x00000260        0x4 src/ASF/common/services/usb/class/hid/device/led/udi_hid_led.o
                0x00000260                udi_hid_led_getsetting
 .text.udi_hid_led_setreport
                0x00000264       0x4c src/ASF/common/services/usb/class/hid/device/led/udi_hid_led.o
 .text.udi_hid_led_report_out_enable
                0x000002b0       0x1e src/ASF/common/services/usb/class/hid/device/led/udi_hid_led.o
 .text.udi_hid_led_enable
                0x000002ce       0x1a src/ASF/common/services/usb/class/hid/device/led/udi_hid_led.o
                0x000002ce                udi_hid_led_enable
 .text.udi_hid_led_report_out_received
                0x000002e8       0x16 src/ASF/common/services/usb/class/hid/device/led/udi_hid_led.o
 .text.udi_hid_led_disable
                0x000002fe        0x6 src/ASF/common/services/usb/class/hid/device/led/udi_hid_led.o
                0x000002fe                udi_hid_led_disable
 .text.udi_hid_led_setup
                0x00000304       0x14 src/ASF/common/services/usb/class/hid/device/led/udi_hid_led.o
                0x00000304                udi_hid_led_setup
 .text.io_init  0x00000318       0x8c src/modules/io.o
                0x00000318                io_init
 .text.jstk_readVertIndex
                0x000003a4       0x4e src/modules/joystick.o
                0x000003a4                jstk_readVertIndex
 .text.jstk_readHoriIndex
                0x000003f2       0x46 src/modules/joystick.o
                0x000003f2                jstk_readHoriIndex
 .text.jstk_ledMask
                0x00000438       0xb0 src/modules/joystick.o
                0x00000438                jstk_ledMask
 .text.jstk_readMask
                0x000004e8       0x46 src/modules/joystick.o
                0x000004e8                jstk_readMask
 .text.jstk_usbTask
                0x0000052e       0x66 src/modules/joystick.o
                0x0000052e                jstk_usbTask
 .text.joystick
                0x00000594       0x28 src/modules/joystick.o
                0x00000594                joystick
 .text.keypad_init
                0x000005bc       0x70 src/modules/keypad.o
                0x000005bc                keypad_init
 .text.keypad_poll
                0x0000062c      0x132 src/modules/keypad.o
                0x0000062c                keypad_poll
 .text.keypad_getState
                0x0000075e        0x6 src/modules/keypad.o
                0x0000075e                keypad_getState
 .text.keypad_report
                0x00000764      0x100 src/modules/keypad.o
                0x00000764                keypad_report
 .text.keypad   0x00000864        0xc src/modules/keypad.o
                0x00000864                keypad
 .text.led_init
                0x00000870        0xc src/modules/led.o
                0x00000870                led_init
 .text.led_allOff
                0x0000087c        0x8 src/modules/led.o
                0x0000087c                led_allOff
 .text.led_on   0x00000884        0x6 src/modules/led.o
                0x00000884                led_on
 .text.led_off  0x0000088a        0x6 src/modules/led.o
                0x0000088a                led_off
 .text.led_toggle
                0x00000890        0x6 src/modules/led.o
                0x00000890                led_toggle
 .text.led_setStatus
                0x00000896        0xc src/modules/led.o
                0x00000896                led_setStatus
 .text.BD76319_KeyToReport
                0x000008a2        0xa src/modules/ui.o
                0x000008a2                BD76319_KeyToReport
 .text.BD76319_ui_process
                0x000008ac       0x28 src/modules/ui.o
                0x000008ac                BD76319_ui_process
 .text.jstk_ui_process
                0x000008d4        0x4 src/modules/ui.o
                0x000008d4                jstk_ui_process
 .text.kbd_ui_process
                0x000008d8        0x4 src/modules/ui.o
                0x000008d8                kbd_ui_process
 .text.sysclk_init
                0x000008dc       0xee src/ASF/common/services/clock/xmega/sysclk.o
                0x000008dc                sysclk_init
 .text.sysclk_enable_module
                0x000009ca       0x2c src/ASF/common/services/clock/xmega/sysclk.o
                0x000009ca                sysclk_enable_module
 .text.sysclk_enable_usb
                0x000009f6       0x8a src/ASF/common/services/clock/xmega/sysclk.o
                0x000009f6                sysclk_enable_usb
 .text.udi_hid_generic_getsetting
                0x00000a80        0x4 src/ASF/common/services/usb/class/hid/device/generic/udi_hid_generic.o
                0x00000a80                udi_hid_generic_getsetting
 .text.udi_hid_generic_setreport
                0x00000a84       0x48 src/ASF/common/services/usb/class/hid/device/generic/udi_hid_generic.o
 .text.udi_hid_generic_setfeature_valid
                0x00000acc        0x2 src/ASF/common/services/usb/class/hid/device/generic/udi_hid_generic.o
 .text.udi_hid_generic_report_in_sent
                0x00000ace        0x8 src/ASF/common/services/usb/class/hid/device/generic/udi_hid_generic.o
 .text.udi_hid_generic_enable
                0x00000ad6       0x14 src/ASF/common/services/usb/class/hid/device/generic/udi_hid_generic.o
                0x00000ad6                udi_hid_generic_enable
 .text.udi_hid_generic_disable
                0x00000aea        0x6 src/ASF/common/services/usb/class/hid/device/generic/udi_hid_generic.o
                0x00000aea                udi_hid_generic_disable
 .text.udi_hid_generic_setup
                0x00000af0       0x14 src/ASF/common/services/usb/class/hid/device/generic/udi_hid_generic.o
                0x00000af0                udi_hid_generic_setup
 .text.udi_hid_generic_send_report_in
                0x00000b04       0x6a src/ASF/common/services/usb/class/hid/device/generic/udi_hid_generic.o
                0x00000b04                udi_hid_generic_send_report_in
 .text.udi_hid_kbd_getsetting
                0x00000b6e        0x4 src/ASF/common/services/usb/class/hid/device/kbd/udi_hid_kbd.o
                0x00000b6e                udi_hid_kbd_getsetting
 .text.udi_hid_kbd_setreport
                0x00000b72        0x4 src/ASF/common/services/usb/class/hid/device/kbd/udi_hid_kbd.o
 .text.udi_hid_kbd_enable
                0x00000b76       0x24 src/ASF/common/services/usb/class/hid/device/kbd/udi_hid_kbd.o
                0x00000b76                udi_hid_kbd_enable
 .text.udi_hid_kbd_disable
                0x00000b9a        0x6 src/ASF/common/services/usb/class/hid/device/kbd/udi_hid_kbd.o
                0x00000b9a                udi_hid_kbd_disable
 .text.udi_hid_kbd_setup
                0x00000ba0       0x14 src/ASF/common/services/usb/class/hid/device/kbd/udi_hid_kbd.o
                0x00000ba0                udi_hid_kbd_setup
 .text.udi_hid_kbd_send_report
                0x00000bb4       0x44 src/ASF/common/services/usb/class/hid/device/kbd/udi_hid_kbd.o
 .text.udi_hid_kbd_report_sent
                0x00000bf8        0xe src/ASF/common/services/usb/class/hid/device/kbd/udi_hid_kbd.o
 .text.udi_hid_kbd_up
                0x00000c06       0x78 src/ASF/common/services/usb/class/hid/device/kbd/udi_hid_kbd.o
                0x00000c06                udi_hid_kbd_up
 .text.udi_hid_kbd_down
                0x00000c7e       0x68 src/ASF/common/services/usb/class/hid/device/kbd/udi_hid_kbd.o
                0x00000c7e                udi_hid_kbd_down
 .text.udi_hid_setup
                0x00000ce6      0x140 src/ASF/common/services/usb/class/hid/device/udi_hid.o
                0x00000ce6                udi_hid_setup
 .text.udc_next_desc_in_iface
                0x00000e26       0x6a src/ASF/common/services/usb/udc/udc.o
 .text.udc_valid_address
                0x00000e90        0xa src/ASF/common/services/usb/udc/udc.o
 .text.udc_update_iface_desc
                0x00000e9a       0x74 src/ASF/common/services/usb/udc/udc.o
 .text.udc_iface_disable
                0x00000f0e       0x84 src/ASF/common/services/usb/udc/udc.o
 .text.udc_iface_enable
                0x00000f92       0x64 src/ASF/common/services/usb/udc/udc.o
 .text.udc_get_interface_desc
                0x00000ff6        0xa src/ASF/common/services/usb/udc/udc.o
                0x00000ff6                udc_get_interface_desc
 .text.udc_start
                0x00001000        0x4 src/ASF/common/services/usb/udc/udc.o
                0x00001000                udc_start
 .text.udc_reset
                0x00001004       0x54 src/ASF/common/services/usb/udc/udc.o
                0x00001004                udc_reset
 .text.udc_sof_notify
                0x00001058       0x60 src/ASF/common/services/usb/udc/udc.o
                0x00001058                udc_sof_notify
 .text.udc_process_setup
                0x000010b8      0x53c src/ASF/common/services/usb/udc/udc.o
                0x000010b8                udc_process_setup
 .text.nvm_read_byte
                0x000015f4       0x14 src/ASF/xmega/drivers/nvm/nvm_asm.o
                0x000015f4                nvm_read_byte
 .text.ccp_write_io
                0x00001608        0xc src/ASF/xmega/drivers/cpu/ccp.o
                0x00001608                ccp_write_io
 .text.udd_sleep_mode
                0x00001614       0x70 src/ASF/xmega/drivers/usb/usb_device.o
 .text.udd_ctrl_init
                0x00001684       0x4a src/ASF/xmega/drivers/usb/usb_device.o
 .text.udd_ctrl_stall_data
                0x000016ce       0x1c src/ASF/xmega/drivers/usb/usb_device.o
 .text.udd_ctrl_send_zlp_in
                0x000016ea       0x1c src/ASF/xmega/drivers/usb/usb_device.o
 .text.udd_ctrl_endofrequest
                0x00001706       0x10 src/ASF/xmega/drivers/usb/usb_device.o
 .text.udd_ctrl_in_sent
                0x00001716       0xd8 src/ASF/xmega/drivers/usb/usb_device.o
 .text.udd_ep_get_size
                0x000017ee       0x50 src/ASF/xmega/drivers/usb/usb_device.o
 .text.udd_ep_get_job
                0x0000183e       0x36 src/ASF/xmega/drivers/usb/usb_device.o
 .text.udd_ctrl_interrupt_tc_setup
                0x00001874       0xe2 src/ASF/xmega/drivers/usb/usb_device.o
 .text.udd_ep_trans_complet
                0x00001956      0x2fc src/ASF/xmega/drivers/usb/usb_device.o
 .text.udd_attach
                0x00001c52       0x5a src/ASF/xmega/drivers/usb/usb_device.o
                0x00001c52                udd_attach
 .text.udd_enable
                0x00001cac      0x116 src/ASF/xmega/drivers/usb/usb_device.o
                0x00001cac                udd_enable
 .text.udd_set_address
                0x00001dc2        0x6 src/ASF/xmega/drivers/usb/usb_device.o
                0x00001dc2                udd_set_address
 .text.udd_getaddress
                0x00001dc8        0x6 src/ASF/xmega/drivers/usb/usb_device.o
                0x00001dc8                udd_getaddress
 .text.udd_get_frame_number
                0x00001dce        0xa src/ASF/xmega/drivers/usb/usb_device.o
                0x00001dce                udd_get_frame_number
 .text.udd_set_setup_payload
                0x00001dd8        0xe src/ASF/xmega/drivers/usb/usb_device.o
                0x00001dd8                udd_set_setup_payload
 .text.udd_ep_alloc
                0x00001de6      0x110 src/ASF/xmega/drivers/usb/usb_device.o
                0x00001de6                udd_ep_alloc
 .text.udd_ep_is_halted
                0x00001ef6       0x36 src/ASF/xmega/drivers/usb/usb_device.o
                0x00001ef6                udd_ep_is_halted
 .text.udd_ep_clear_halt
                0x00001f2c       0x6e src/ASF/xmega/drivers/usb/usb_device.o
                0x00001f2c                udd_ep_clear_halt
 .text.udd_ep_run
                0x00001f9a      0x194 src/ASF/xmega/drivers/usb/usb_device.o
                0x00001f9a                udd_ep_run
 .text.udd_ep_abort
                0x0000212e       0x9e src/ASF/xmega/drivers/usb/usb_device.o
                0x0000212e                udd_ep_abort
 .text.udd_ep_free
                0x000021cc       0x38 src/ASF/xmega/drivers/usb/usb_device.o
                0x000021cc                udd_ep_free
 .text.udd_ep_set_halt
                0x00002204       0x3a src/ASF/xmega/drivers/usb/usb_device.o
                0x00002204                udd_ep_set_halt
 .text.__vector_125
                0x0000223e      0x17c src/ASF/xmega/drivers/usb/usb_device.o
                0x0000223e                __vector_125
 .text.__vector_126
                0x000023ba      0x1f0 src/ASF/xmega/drivers/usb/usb_device.o
                0x000023ba                __vector_126
 .text.main     0x000025aa      0x124 src/main.o
                0x000025aa                main
 .text.main_suspend_action
                0x000026ce        0x2 src/main.o
                0x000026ce                main_suspend_action
 .text.main_resume_action
                0x000026d0        0x2 src/main.o
                0x000026d0                main_resume_action
 .text.main_sof_action
                0x000026d2       0x18 src/main.o
                0x000026d2                main_sof_action
 .text.main_remotewakeup_enable
                0x000026ea        0x2 src/main.o
                0x000026ea                main_remotewakeup_enable
 .text.main_remotewakeup_disable
                0x000026ec        0x2 src/main.o
                0x000026ec                main_remotewakeup_disable
 .text.main_kbd_enable
                0x000026ee        0x8 src/main.o
                0x000026ee                main_kbd_enable
 .text.main_kbd_disable
                0x000026f6        0x6 src/main.o
                0x000026f6                main_kbd_disable
 .text.main_generic_enable
                0x000026fc        0x8 src/main.o
                0x000026fc                main_generic_enable
 .text.main_generic_disable
                0x00002704        0x6 src/main.o
                0x00002704                main_generic_disable
 .text.main_led_enable
                0x0000270a        0x8 src/main.o
                0x0000270a                main_led_enable
 .text.main_led_disable
                0x00002712        0x6 src/main.o
                0x00002712                main_led_disable
 .text.main_led_report_out
                0x00002718        0xa src/main.o
                0x00002718                main_led_report_out
 .text.libgcc.div
                0x00002722       0x28 c:/program files (x86)/atmel/studio/7.0/toolchain/avr8/avr8-gnu-toolchain/bin/../lib/gcc/avr/5.4.0/avrxmega6\libgcc.a(_udivmodhi4.o)
                0x00002722                __udivmodhi4
 .text.libgcc   0x0000274a       0x10 c:/program files (x86)/atmel/studio/7.0/toolchain/avr8/avr8-gnu-toolchain/bin/../lib/gcc/avr/5.4.0/avrxmega6\libgcc.a(_tablejump2.o)
                0x0000274a                __tablejump2__
 .text.avr-libc
                0x0000275a       0x12 c:/program files (x86)/atmel/studio/7.0/toolchain/avr8/avr8-gnu-toolchain/bin/../lib/gcc/avr/5.4.0/../../../../avr/lib/avrxmega6\libc.a(memcpy.o)
                0x0000275a                memcpy
                0x0000276c                . = ALIGN (0x2)
 *(.fini9)
 .fini9         0x0000276c        0x0 c:/program files (x86)/atmel/studio/7.0/toolchain/avr8/avr8-gnu-toolchain/bin/../lib/gcc/avr/5.4.0/avrxmega6\libgcc.a(_exit.o)
                0x0000276c                _exit
                0x0000276c                exit
 *(.fini9)
 *(.fini8)
 *(.fini8)
 *(.fini7)
 *(.fini7)
 *(.fini6)
 *(.fini6)
 *(.fini5)
 *(.fini5)
 *(.fini4)
 *(.fini4)
 *(.fini3)
 *(.fini3)
 *(.fini2)
 *(.fini2)
 *(.fini1)
 *(.fini1)
 *(.fini0)
 .fini0         0x0000276c        0x4 c:/program files (x86)/atmel/studio/7.0/toolchain/avr8/avr8-gnu-toolchain/bin/../lib/gcc/avr/5.4.0/avrxmega6\libgcc.a(_exit.o)
 *(.fini0)
                0x00002770                _etext = .

.data           0x00802000      0x198 load address 0x00002770
                0x00802000                PROVIDE (__data_start, .)
 *(.data)
 *(.data*)
 .data.udi_hid_led_report_desc
                0x00802000       0x1c src/ASF/common/services/usb/class/hid/device/led/udi_hid_led.o
                0x00802000                udi_hid_led_report_desc
 .data.udi_api_hid_led
                0x0080201c        0xa src/ASF/common/services/usb/class/hid/device/led/udi_hid_led.o
                0x0080201c                udi_api_hid_led
 .data.jstk_prevReport
                0x00802026        0x2 src/modules/joystick.o
 .data.udc_config
                0x00802028        0x6 src/ASF/common/services/usb/class/composite/device/udi_composite_desc.o
                0x00802028                udc_config
 .data.udc_config_lsfs
                0x0080202e        0x4 src/ASF/common/services/usb/class/composite/device/udi_composite_desc.o
                0x0080202e                udc_config_lsfs
 .data.udi_apis
                0x00802032        0x6 src/ASF/common/services/usb/class/composite/device/udi_composite_desc.o
                0x00802032                udi_apis
 .data.udc_desc_fs
                0x00802038       0x5c src/ASF/common/services/usb/class/composite/device/udi_composite_desc.o
                0x00802038                udc_desc_fs
 .data.udc_device_desc
                0x00802094       0x12 src/ASF/common/services/usb/class/composite/device/udi_composite_desc.o
                0x00802094                udc_device_desc
 .data.udi_hid_generic_report_desc
                0x008020a6       0x1b src/ASF/common/services/usb/class/hid/device/generic/udi_hid_generic.o
                0x008020a6                udi_hid_generic_report_desc
 .data.udi_api_hid_generic
                0x008020c1        0xa src/ASF/common/services/usb/class/hid/device/generic/udi_hid_generic.o
                0x008020c1                udi_api_hid_generic
 .data.udi_hid_kbd_report_desc
                0x008020cb       0x3b src/ASF/common/services/usb/class/hid/device/kbd/udi_hid_kbd.o
                0x008020cb                udi_hid_kbd_report_desc
 .data.udi_api_hid_kbd
                0x00802106        0xa src/ASF/common/services/usb/class/hid/device/kbd/udi_hid_kbd.o
                0x00802106                udi_api_hid_kbd
 .data.udc_string_desc
                0x00802110       0x44 src/ASF/common/services/usb/udc/udc.o
 .data.udc_string_product_name
                0x00802154       0x22 src/ASF/common/services/usb/udc/udc.o
 .data.udc_string_manufacturer_name
                0x00802176        0xa src/ASF/common/services/usb/udc/udc.o
 .data.udc_string_desc_languageid
                0x00802180        0x4 src/ASF/common/services/usb/udc/udc.o
 *(.gnu.linkonce.d*)
 *(.rodata)
 .rodata        0x00802184        0x8 src/main.o
 *(.rodata*)
 .rodata.jstk_idx2axis
                0x0080218c        0xc src/modules/joystick.o
 *(.gnu.linkonce.r*)
                0x00802198                . = ALIGN (0x2)
                0x00802198                _edata = .
                0x00802198                PROVIDE (__data_end, .)

.bss            0x00802198      0x231
                0x00802198                PROVIDE (__bss_start, .)
 *(.bss)
 *(.bss*)
 .bss.udi_hid_led_report_out
                0x00802198        0x0 src/ASF/common/services/usb/class/hid/device/led/udi_hid_led.o
 .bss.udi_hid_led_protocol
                0x00802198        0x2 src/ASF/common/services/usb/class/hid/device/led/udi_hid_led.o
 .bss.udi_hid_led_rate
                0x0080219a        0x2 src/ASF/common/services/usb/class/hid/device/led/udi_hid_led.o
 .bss.jstk_usbReport
                0x0080219c        0x2 src/modules/joystick.o
 .bss.kpd_count.5308
                0x0080219e        0x1 src/modules/keypad.o
 .bss.kpd_exitTestMode
                0x0080219f        0x1 src/modules/keypad.o
 .bss.kpd_codeOut
                0x008021a0        0x1 src/modules/keypad.o
 .bss.kpd_currState
                0x008021a1        0x1 src/modules/keypad.o
 .bss.kpd_prevState
                0x008021a2        0x1 src/modules/keypad.o
 .bss.kpd_code  0x008021a3        0x1 src/modules/keypad.o
 .bss.kpd_keyPressed
                0x008021a4        0x1 src/modules/keypad.o
 .bss.kpd_detectedCol
                0x008021a5        0x1 src/modules/keypad.o
 .bss.kpd_detectedRow
                0x008021a6        0x1 src/modules/keypad.o
 .bss.kpd_rowVal
                0x008021a7        0x1 src/modules/keypad.o
 .bss.kpd_colAddr
                0x008021a8        0x5 src/modules/keypad.o
 .bss.kpd_keyAssign
                0x008021ad       0x14 src/modules/keypad.o
 .bss.last_state.5299
                0x008021c1        0x1 src/modules/ui.o
 .bss.ui_KeyToReport
                0x008021c2        0x1 src/modules/ui.o
 .bss.ui_KeyStatusToReport
                0x008021c3        0x1 src/modules/ui.o
 .bss.udi_hid_generic_report_feature
                0x008021c4        0x0 src/ASF/common/services/usb/class/hid/device/generic/udi_hid_generic.o
 .bss.udi_hid_generic_report_in
                0x008021c4        0x2 src/ASF/common/services/usb/class/hid/device/generic/udi_hid_generic.o
 .bss.udi_hid_generic_b_report_in_free
                0x008021c6        0x1 src/ASF/common/services/usb/class/hid/device/generic/udi_hid_generic.o
 *fill*         0x008021c7        0x1 
 .bss.udi_hid_generic_protocol
                0x008021c8        0x2 src/ASF/common/services/usb/class/hid/device/generic/udi_hid_generic.o
 .bss.udi_hid_generic_rate
                0x008021ca        0x2 src/ASF/common/services/usb/class/hid/device/generic/udi_hid_generic.o
 .bss.udi_hid_kbd_report_trans
                0x008021cc        0x8 src/ASF/common/services/usb/class/hid/device/kbd/udi_hid_kbd.o
 .bss.udi_hid_kbd_b_report_trans_ongoing
                0x008021d4        0x1 src/ASF/common/services/usb/class/hid/device/kbd/udi_hid_kbd.o
 .bss.udi_hid_kbd_report
                0x008021d5        0x8 src/ASF/common/services/usb/class/hid/device/kbd/udi_hid_kbd.o
 .bss.udi_hid_kbd_b_report_valid
                0x008021dd        0x1 src/ASF/common/services/usb/class/hid/device/kbd/udi_hid_kbd.o
 .bss.udi_hid_kbd_protocol
                0x008021de        0x2 src/ASF/common/services/usb/class/hid/device/kbd/udi_hid_kbd.o
 .bss.udi_hid_kbd_rate
                0x008021e0        0x2 src/ASF/common/services/usb/class/hid/device/kbd/udi_hid_kbd.o
 .bss.udc_ep_status.4572
                0x008021e2        0x2 src/ASF/common/services/usb/udc/udc.o
 .bss.udc_ptr_iface
                0x008021e4        0x2 src/ASF/common/services/usb/udc/udc.o
 .bss.udc_ptr_conf
                0x008021e6        0x2 src/ASF/common/services/usb/udc/udc.o
 .bss.udc_num_configuration
                0x008021e8        0x2 src/ASF/common/services/usb/udc/udc.o
 .bss.udc_iface_setting
                0x008021ea        0x2 src/ASF/common/services/usb/udc/udc.o
 .bss.udc_device_status
                0x008021ec        0x2 src/ASF/common/services/usb/udc/udc.o
 .bss.b_shortpacket.5288
                0x008021ee        0x1 src/ASF/xmega/drivers/usb/usb_device.o
 .bss.udd_ep_out_cache_buffer
                0x008021ef      0x100 src/ASF/xmega/drivers/usb/usb_device.o
 .bss.udd_ep_job
                0x008022ef       0x48 src/ASF/xmega/drivers/usb/usb_device.o
 .bss.udd_ctrl_buffer
                0x00802337        0x8 src/ASF/xmega/drivers/usb/usb_device.o
 .bss.udd_ctrl_payload_nb_trans
                0x0080233f        0x2 src/ASF/xmega/drivers/usb/usb_device.o
 .bss.udd_ctrl_prev_payload_nb_trans
                0x00802341        0x2 src/ASF/xmega/drivers/usb/usb_device.o
 .bss.udd_ep_control_state
                0x00802343        0x1 src/ASF/xmega/drivers/usb/usb_device.o
 .bss.udd_sram  0x00802344       0x68 src/ASF/xmega/drivers/usb/usb_device.o
 .bss.udd_b_idle
                0x008023ac        0x1 src/ASF/xmega/drivers/usb/usb_device.o
 .bss.main_b_led_enable
                0x008023ad        0x1 src/main.o
 .bss.main_b_generic_enable
                0x008023ae        0x1 src/main.o
 .bss.main_b_kbd_enable
                0x008023af        0x1 src/main.o
 *(COMMON)
 COMMON         0x008023b0        0x2 src/modules/joystick.o
                0x008023b0                jstk_mask
                0x008023b1                jstk_testMode
 COMMON         0x008023b2        0x1 src/modules/keypad.o
                0x008023b2                kpd_testMode
 COMMON         0x008023b3        0x6 src/ASF/common/services/sleepmgr/xmega/sleepmgr.o
                0x008023b3                sleepmgr_locks
 COMMON         0x008023b9       0x10 src/ASF/xmega/drivers/usb/usb_device.o
                0x008023b9                udd_g_ctrlreq
                0x008023c9                PROVIDE (__bss_end, .)
                0x00002770                __data_load_start = LOADADDR (.data)
                0x00002908                __data_load_end = (__data_load_start + SIZEOF (.data))

.noinit         0x008023c9        0x0
                [!provide]                PROVIDE (__noinit_start, .)
 *(.noinit*)
                [!provide]                PROVIDE (__noinit_end, .)
                0x008023c9                _end = .
                [!provide]                PROVIDE (__heap_start, .)

.eeprom         0x00810000        0x0
 *(.eeprom*)
                0x00810000                __eeprom_end = .

.fuse
 *(.fuse)
 *(.lfuse)
 *(.hfuse)
 *(.efuse)

.lock
 *(.lock*)

.signature
 *(.signature*)

.user_signatures
 *(.user_signatures*)

.stab
 *(.stab)

.stabstr
 *(.stabstr)

.stab.excl
 *(.stab.excl)

.stab.exclstr
 *(.stab.exclstr)

.stab.index
 *(.stab.index)

.stab.indexstr
 *(.stab.indexstr)

.comment        0x00000000       0x30
 *(.comment)
 .comment       0x00000000       0x30 src/ASF/common/services/usb/class/hid/device/led/udi_hid_led.o
                                 0x31 (size before relaxing)
 .comment       0x00000030       0x31 src/modules/io.o
 .comment       0x00000030       0x31 src/modules/joystick.o
 .comment       0x00000030       0x31 src/modules/keypad.o
 .comment       0x00000030       0x31 src/modules/led.o
 .comment       0x00000030       0x31 src/modules/ui.o
 .comment       0x00000030       0x31 src/ASF/common/services/sleepmgr/xmega/sleepmgr.o
 .comment       0x00000030       0x31 src/ASF/common/services/clock/xmega/sysclk.o
 .comment       0x00000030       0x31 src/ASF/common/services/usb/class/composite/device/udi_composite_desc.o
 .comment       0x00000030       0x31 src/ASF/common/services/usb/class/hid/device/generic/udi_hid_generic.o
 .comment       0x00000030       0x31 src/ASF/common/services/usb/class/hid/device/kbd/udi_hid_kbd.o
 .comment       0x00000030       0x31 src/ASF/common/services/usb/class/hid/device/udi_hid.o
 .comment       0x00000030       0x31 src/ASF/common/services/usb/udc/udc.o
 .comment       0x00000030       0x31 src/ASF/xmega/drivers/usb/usb_device.o
 .comment       0x00000030       0x31 src/main.o

.note.gnu.avr.deviceinfo
                0x00000000       0x40
 .note.gnu.avr.deviceinfo
                0x00000000       0x40 C:/Program Files (x86)/Atmel/Studio/7.0/Packs/atmel/XMEGAA_DFP/1.3.146/gcc/dev/atxmega256a3u/avrxmega6/crtatxmega256a3u.o

.note.gnu.build-id
 *(.note.gnu.build-id)

.debug
 *(.debug)

.line
 *(.line)

.debug_srcinfo
 *(.debug_srcinfo)

.debug_sfnames
 *(.debug_sfnames)

.debug_aranges  0x00000000      0x540
 *(.debug_aranges)
 .debug_aranges
                0x00000000       0x50 src/ASF/common/services/usb/class/hid/device/led/udi_hid_led.o
 .debug_aranges
                0x00000050       0x20 src/modules/io.o
 .debug_aranges
                0x00000070       0x50 src/modules/joystick.o
 .debug_aranges
                0x000000c0       0x48 src/modules/keypad.o
 .debug_aranges
                0x00000108       0x50 src/modules/led.o
 .debug_aranges
                0x00000158       0x38 src/modules/ui.o
 .debug_aranges
                0x00000190       0x18 src/ASF/common/services/sleepmgr/xmega/sleepmgr.o
 .debug_aranges
                0x000001a8       0x40 src/ASF/common/services/clock/xmega/sysclk.o
 .debug_aranges
                0x000001e8       0x18 src/ASF/common/services/usb/class/composite/device/udi_composite_desc.o
 .debug_aranges
                0x00000200       0x58 src/ASF/common/services/usb/class/hid/device/generic/udi_hid_generic.o
 .debug_aranges
                0x00000258       0x70 src/ASF/common/services/usb/class/hid/device/kbd/udi_hid_kbd.o
 .debug_aranges
                0x000002c8       0x20 src/ASF/common/services/usb/class/hid/device/udi_hid.o
 .debug_aranges
                0x000002e8       0x70 src/ASF/common/services/usb/udc/udc.o
 .debug_aranges
                0x00000358       0x28 src/ASF/xmega/drivers/nvm/nvm_asm.o
 .debug_aranges
                0x00000380       0x20 src/ASF/xmega/drivers/cpu/ccp.o
 .debug_aranges
                0x000003a0      0x120 src/ASF/xmega/drivers/usb/usb_device.o
 .debug_aranges
                0x000004c0       0x80 src/main.o

.debug_pubnames
 *(.debug_pubnames)

.debug_info     0x00000000     0xa9b4
 *(.debug_info .gnu.linkonce.wi.*)
 .debug_info    0x00000000     0x3409 C:/Program Files (x86)/Atmel/Studio/7.0/Packs/atmel/XMEGAA_DFP/1.3.146/gcc/dev/atxmega256a3u/avrxmega6/crtatxmega256a3u.o
 .debug_info    0x00003409      0x4cb src/ASF/common/services/usb/class/hid/device/led/udi_hid_led.o
 .debug_info    0x000038d4      0x39b src/modules/io.o
 .debug_info    0x00003c6f      0x71b src/modules/joystick.o
 .debug_info    0x0000438a      0x55e src/modules/keypad.o
 .debug_info    0x000048e8      0x37a src/modules/led.o
 .debug_info    0x00004c62      0x26c src/modules/ui.o
 .debug_info    0x00004ece      0x129 src/ASF/common/services/sleepmgr/xmega/sleepmgr.o
 .debug_info    0x00004ff7      0xc76 src/ASF/common/services/clock/xmega/sysclk.o
 .debug_info    0x00005c6d      0x74d src/ASF/common/services/usb/class/composite/device/udi_composite_desc.o
 .debug_info    0x000063ba      0x57d src/ASF/common/services/usb/class/hid/device/generic/udi_hid_generic.o
 .debug_info    0x00006937      0x6c4 src/ASF/common/services/usb/class/hid/device/kbd/udi_hid_kbd.o
 .debug_info    0x00006ffb      0x383 src/ASF/common/services/usb/class/hid/device/udi_hid.o
 .debug_info    0x0000737e     0x116c src/ASF/common/services/usb/udc/udc.o
 .debug_info    0x000084ea       0xb2 src/ASF/xmega/drivers/nvm/nvm_asm.o
 .debug_info    0x0000859c       0xb2 src/ASF/xmega/drivers/cpu/ccp.o
 .debug_info    0x0000864e     0x1ba4 src/ASF/xmega/drivers/usb/usb_device.o
 .debug_info    0x0000a1f2      0x7c2 src/main.o

.debug_abbrev   0x00000000     0x50ab
 *(.debug_abbrev)
 .debug_abbrev  0x00000000     0x3148 C:/Program Files (x86)/Atmel/Studio/7.0/Packs/atmel/XMEGAA_DFP/1.3.146/gcc/dev/atxmega256a3u/avrxmega6/crtatxmega256a3u.o
 .debug_abbrev  0x00003148      0x243 src/ASF/common/services/usb/class/hid/device/led/udi_hid_led.o
 .debug_abbrev  0x0000338b      0x114 src/modules/io.o
 .debug_abbrev  0x0000349f      0x25e src/modules/joystick.o
 .debug_abbrev  0x000036fd      0x192 src/modules/keypad.o
 .debug_abbrev  0x0000388f      0x100 src/modules/led.o
 .debug_abbrev  0x0000398f      0x100 src/modules/ui.o
 .debug_abbrev  0x00003a8f       0x84 src/ASF/common/services/sleepmgr/xmega/sleepmgr.o
 .debug_abbrev  0x00003b13      0x26f src/ASF/common/services/clock/xmega/sysclk.o
 .debug_abbrev  0x00003d82       0xf1 src/ASF/common/services/usb/class/composite/device/udi_composite_desc.o
 .debug_abbrev  0x00003e73      0x2bf src/ASF/common/services/usb/class/hid/device/generic/udi_hid_generic.o
 .debug_abbrev  0x00004132      0x2b4 src/ASF/common/services/usb/class/hid/device/kbd/udi_hid_kbd.o
 .debug_abbrev  0x000043e6      0x17f src/ASF/common/services/usb/class/hid/device/udi_hid.o
 .debug_abbrev  0x00004565      0x35c src/ASF/common/services/usb/udc/udc.o
 .debug_abbrev  0x000048c1       0x12 src/ASF/xmega/drivers/nvm/nvm_asm.o
 .debug_abbrev  0x000048d3       0x14 src/ASF/xmega/drivers/cpu/ccp.o
 .debug_abbrev  0x000048e7      0x585 src/ASF/xmega/drivers/usb/usb_device.o
 .debug_abbrev  0x00004e6c      0x23f src/main.o

.debug_line     0x00000000     0x95a2
 *(.debug_line .debug_line.* .debug_line_end)
 .debug_line    0x00000000      0x39d C:/Program Files (x86)/Atmel/Studio/7.0/Packs/atmel/XMEGAA_DFP/1.3.146/gcc/dev/atxmega256a3u/avrxmega6/crtatxmega256a3u.o
 .debug_line    0x0000039d      0x6dc src/ASF/common/services/usb/class/hid/device/led/udi_hid_led.o
 .debug_line    0x00000a79      0xa2c src/modules/io.o
 .debug_line    0x000014a5      0xbca src/modules/joystick.o
 .debug_line    0x0000206f      0xc7d src/modules/keypad.o
 .debug_line    0x00002cec      0x99d src/modules/led.o
 .debug_line    0x00003689      0x98e src/modules/ui.o
 .debug_line    0x00004017      0x457 src/ASF/common/services/sleepmgr/xmega/sleepmgr.o
 .debug_line    0x0000446e      0x770 src/ASF/common/services/clock/xmega/sysclk.o
 .debug_line    0x00004bde      0x5b4 src/ASF/common/services/usb/class/composite/device/udi_composite_desc.o
 .debug_line    0x00005192      0x71b src/ASF/common/services/usb/class/hid/device/generic/udi_hid_generic.o
 .debug_line    0x000058ad      0x8fc src/ASF/common/services/usb/class/hid/device/kbd/udi_hid_kbd.o
 .debug_line    0x000061a9      0x69c src/ASF/common/services/usb/class/hid/device/udi_hid.o
 .debug_line    0x00006845      0xb00 src/ASF/common/services/usb/udc/udc.o
 .debug_line    0x00007345      0x11f src/ASF/xmega/drivers/nvm/nvm_asm.o
 .debug_line    0x00007464       0x6e src/ASF/xmega/drivers/cpu/ccp.o
 .debug_line    0x000074d2     0x1533 src/ASF/xmega/drivers/usb/usb_device.o
 .debug_line    0x00008a05      0xb9d src/main.o

.debug_frame    0x00000000      0xb90
 *(.debug_frame)
 .debug_frame   0x00000000       0x98 src/ASF/common/services/usb/class/hid/device/led/udi_hid_led.o
 .debug_frame   0x00000098       0x24 src/modules/io.o
 .debug_frame   0x000000bc       0x8c src/modules/joystick.o
 .debug_frame   0x00000148       0x80 src/modules/keypad.o
 .debug_frame   0x000001c8       0x84 src/modules/led.o
 .debug_frame   0x0000024c       0x54 src/modules/ui.o
 .debug_frame   0x000002a0       0xb0 src/ASF/common/services/clock/xmega/sysclk.o
 .debug_frame   0x00000350       0xb4 src/ASF/common/services/usb/class/hid/device/generic/udi_hid_generic.o
 .debug_frame   0x00000404      0x130 src/ASF/common/services/usb/class/hid/device/kbd/udi_hid_kbd.o
 .debug_frame   0x00000534       0x30 src/ASF/common/services/usb/class/hid/device/udi_hid.o
 .debug_frame   0x00000564      0x114 src/ASF/common/services/usb/udc/udc.o
 .debug_frame   0x00000678      0x424 src/ASF/xmega/drivers/usb/usb_device.o
 .debug_frame   0x00000a9c       0xf4 src/main.o

.debug_str      0x00000000    0x36b68
 *(.debug_str)
 .debug_str     0x00000000     0x223b C:/Program Files (x86)/Atmel/Studio/7.0/Packs/atmel/XMEGAA_DFP/1.3.146/gcc/dev/atxmega256a3u/avrxmega6/crtatxmega256a3u.o
 .debug_str     0x0000223b    0x2c7f1 src/ASF/common/services/usb/class/hid/device/led/udi_hid_led.o
                              0x2ce81 (size before relaxing)
 .debug_str     0x0002ea2c     0x2811 src/modules/io.o
                              0x2f204 (size before relaxing)
 .debug_str     0x0003123d      0x1be src/modules/joystick.o
                              0x2f277 (size before relaxing)
 .debug_str     0x000313fb      0x1ae src/modules/keypad.o
                              0x2f2ac (size before relaxing)
 .debug_str     0x000315a9       0x52 src/modules/led.o
                              0x2f126 (size before relaxing)
 .debug_str     0x000315fb       0xc6 src/modules/ui.o
                              0x2f0e7 (size before relaxing)
 .debug_str     0x000316c1       0x96 src/ASF/common/services/sleepmgr/xmega/sleepmgr.o
                              0x299d5 (size before relaxing)
 .debug_str     0x00031757      0x7dc src/ASF/common/services/clock/xmega/sysclk.o
                              0x2b794 (size before relaxing)
 .debug_str     0x00031f33      0x574 src/ASF/common/services/usb/class/composite/device/udi_composite_desc.o
                              0x2cf74 (size before relaxing)
 .debug_str     0x000324a7      0x1f7 src/ASF/common/services/usb/class/hid/device/generic/udi_hid_generic.o
                              0x2cf38 (size before relaxing)
 .debug_str     0x0003269e      0x21a src/ASF/common/services/usb/class/hid/device/kbd/udi_hid_kbd.o
                              0x2ce64 (size before relaxing)
 .debug_str     0x000328b8      0x222 src/ASF/common/services/usb/class/hid/device/udi_hid.o
                              0x2cd53 (size before relaxing)
 .debug_str     0x00032ada      0x6f0 src/ASF/common/services/usb/udc/udc.o
                              0x2d5c4 (size before relaxing)
 .debug_str     0x000331ca     0x351d src/ASF/xmega/drivers/usb/usb_device.o
                              0x32376 (size before relaxing)
 .debug_str     0x000366e7      0x481 src/main.o
                              0x2f73f (size before relaxing)

.debug_loc      0x00000000     0x29e7
 *(.debug_loc)
 .debug_loc     0x00000000       0xb9 src/ASF/common/services/usb/class/hid/device/led/udi_hid_led.o
 .debug_loc     0x000000b9      0x465 src/modules/joystick.o
 .debug_loc     0x0000051e       0xa5 src/modules/keypad.o
 .debug_loc     0x000005c3       0x75 src/modules/ui.o
 .debug_loc     0x00000638      0x40a src/ASF/common/services/clock/xmega/sysclk.o
 .debug_loc     0x00000a42       0xd6 src/ASF/common/services/usb/class/hid/device/generic/udi_hid_generic.o
 .debug_loc     0x00000b18      0x3a4 src/ASF/common/services/usb/class/hid/device/kbd/udi_hid_kbd.o
 .debug_loc     0x00000ebc      0x3ba src/ASF/common/services/usb/class/hid/device/udi_hid.o
 .debug_loc     0x00001276      0x50d src/ASF/common/services/usb/udc/udc.o
 .debug_loc     0x00001783      0xfc4 src/ASF/xmega/drivers/usb/usb_device.o
 .debug_loc     0x00002747      0x2a0 src/main.o

.debug_macinfo
 *(.debug_macinfo)

.debug_weaknames
 *(.debug_weaknames)

.debug_funcnames
 *(.debug_funcnames)

.debug_typenames
 *(.debug_typenames)

.debug_varnames
 *(.debug_varnames)

.debug_pubtypes
 *(.debug_pubtypes)

.debug_ranges   0x00000000      0x538
 *(.debug_ranges)
 .debug_ranges  0x00000000       0x40 src/ASF/common/services/usb/class/hid/device/led/udi_hid_led.o
 .debug_ranges  0x00000040       0x10 src/modules/io.o
 .debug_ranges  0x00000050       0xa0 src/modules/joystick.o
 .debug_ranges  0x000000f0       0x50 src/modules/keypad.o
 .debug_ranges  0x00000140       0x40 src/modules/led.o
 .debug_ranges  0x00000180       0x28 src/modules/ui.o
 .debug_ranges  0x000001a8       0x30 src/ASF/common/services/clock/xmega/sysclk.o
 .debug_ranges  0x000001d8       0x48 src/ASF/common/services/usb/class/hid/device/generic/udi_hid_generic.o
 .debug_ranges  0x00000220       0x60 src/ASF/common/services/usb/class/hid/device/kbd/udi_hid_kbd.o
 .debug_ranges  0x00000280       0x28 src/ASF/common/services/usb/class/hid/device/udi_hid.o
 .debug_ranges  0x000002a8       0x90 src/ASF/common/services/usb/udc/udc.o
 .debug_ranges  0x00000338       0x20 src/ASF/xmega/drivers/nvm/nvm_asm.o
 .debug_ranges  0x00000358      0x140 src/ASF/xmega/drivers/usb/usb_device.o
 .debug_ranges  0x00000498       0xa0 src/main.o

.debug_macro    0x00000000     0xd090
 *(.debug_macro)
 .debug_macro   0x00000000      0x23f src/ASF/common/services/usb/class/hid/device/led/udi_hid_led.o
 .debug_macro   0x0000023f      0xa96 src/ASF/common/services/usb/class/hid/device/led/udi_hid_led.o
 .debug_macro   0x00000cd5       0x10 src/ASF/common/services/usb/class/hid/device/led/udi_hid_led.o
 .debug_macro   0x00000ce5      0x1c9 src/ASF/common/services/usb/class/hid/device/led/udi_hid_led.o
 .debug_macro   0x00000eae      0x2fc src/ASF/common/services/usb/class/hid/device/led/udi_hid_led.o
 .debug_macro   0x000011aa       0x9e src/ASF/common/services/usb/class/hid/device/led/udi_hid_led.o
 .debug_macro   0x00001248     0x6320 src/ASF/common/services/usb/class/hid/device/led/udi_hid_led.o
 .debug_macro   0x00007568       0x9a src/ASF/common/services/usb/class/hid/device/led/udi_hid_led.o
 .debug_macro   0x00007602       0xf1 src/ASF/common/services/usb/class/hid/device/led/udi_hid_led.o
 .debug_macro   0x000076f3       0x34 src/ASF/common/services/usb/class/hid/device/led/udi_hid_led.o
 .debug_macro   0x00007727       0x16 src/ASF/common/services/usb/class/hid/device/led/udi_hid_led.o
 .debug_macro   0x0000773d       0x18 src/ASF/common/services/usb/class/hid/device/led/udi_hid_led.o
 .debug_macro   0x00007755       0x5e src/ASF/common/services/usb/class/hid/device/led/udi_hid_led.o
 .debug_macro   0x000077b3       0x10 src/ASF/common/services/usb/class/hid/device/led/udi_hid_led.o
 .debug_macro   0x000077c3       0x22 src/ASF/common/services/usb/class/hid/device/led/udi_hid_led.o
 .debug_macro   0x000077e5      0x16d src/ASF/common/services/usb/class/hid/device/led/udi_hid_led.o
 .debug_macro   0x00007952       0x1c src/ASF/common/services/usb/class/hid/device/led/udi_hid_led.o
 .debug_macro   0x0000796e       0x35 src/ASF/common/services/usb/class/hid/device/led/udi_hid_led.o
 .debug_macro   0x000079a3       0x66 src/ASF/common/services/usb/class/hid/device/led/udi_hid_led.o
 .debug_macro   0x00007a09      0x71d src/ASF/common/services/usb/class/hid/device/led/udi_hid_led.o
 .debug_macro   0x00008126       0x96 src/ASF/common/services/usb/class/hid/device/led/udi_hid_led.o
 .debug_macro   0x000081bc       0x17 src/ASF/common/services/usb/class/hid/device/led/udi_hid_led.o
 .debug_macro   0x000081d3      0x250 src/ASF/common/services/usb/class/hid/device/led/udi_hid_led.o
 .debug_macro   0x00008423       0x76 src/ASF/common/services/usb/class/hid/device/led/udi_hid_led.o
 .debug_macro   0x00008499       0x16 src/ASF/common/services/usb/class/hid/device/led/udi_hid_led.o
 .debug_macro   0x000084af      0x6d9 src/ASF/common/services/usb/class/hid/device/led/udi_hid_led.o
 .debug_macro   0x00008b88       0x10 src/ASF/common/services/usb/class/hid/device/led/udi_hid_led.o
 .debug_macro   0x00008b98      0x175 src/ASF/common/services/usb/class/hid/device/led/udi_hid_led.o
 .debug_macro   0x00008d0d       0x40 src/ASF/common/services/usb/class/hid/device/led/udi_hid_led.o
 .debug_macro   0x00008d4d       0x69 src/ASF/common/services/usb/class/hid/device/led/udi_hid_led.o
 .debug_macro   0x00008db6       0x31 src/ASF/common/services/usb/class/hid/device/led/udi_hid_led.o
 .debug_macro   0x00008de7       0xe4 src/ASF/common/services/usb/class/hid/device/led/udi_hid_led.o
 .debug_macro   0x00008ecb      0x111 src/ASF/common/services/usb/class/hid/device/led/udi_hid_led.o
 .debug_macro   0x00008fdc      0x241 src/ASF/common/services/usb/class/hid/device/led/udi_hid_led.o
 .debug_macro   0x0000921d      0x162 src/ASF/common/services/usb/class/hid/device/led/udi_hid_led.o
 .debug_macro   0x0000937f      0x44f src/ASF/common/services/usb/class/hid/device/led/udi_hid_led.o
 .debug_macro   0x000097ce       0x16 src/ASF/common/services/usb/class/hid/device/led/udi_hid_led.o
 .debug_macro   0x000097e4       0x16 src/ASF/common/services/usb/class/hid/device/led/udi_hid_led.o
 .debug_macro   0x000097fa       0x16 src/ASF/common/services/usb/class/hid/device/led/udi_hid_led.o
 .debug_macro   0x00009810       0x16 src/ASF/common/services/usb/class/hid/device/led/udi_hid_led.o
 .debug_macro   0x00009826       0x1c src/ASF/common/services/usb/class/hid/device/led/udi_hid_led.o
 .debug_macro   0x00009842       0x16 src/ASF/common/services/usb/class/hid/device/led/udi_hid_led.o
 .debug_macro   0x00009858      0x34b src/modules/io.o
 .debug_macro   0x00009ba3       0x34 src/modules/io.o
 .debug_macro   0x00009bd7       0x82 src/modules/io.o
 .debug_macro   0x00009c59      0x102 src/modules/io.o
 .debug_macro   0x00009d5b       0x40 src/modules/io.o
 .debug_macro   0x00009d9b      0x2df src/modules/io.o
 .debug_macro   0x0000a07a       0xad src/modules/io.o
 .debug_macro   0x0000a127       0x26 src/modules/io.o
 .debug_macro   0x0000a14d       0x1c src/modules/io.o
 .debug_macro   0x0000a169       0x42 src/modules/io.o
 .debug_macro   0x0000a1ab       0x10 src/modules/io.o
 .debug_macro   0x0000a1bb       0x2e src/modules/io.o
 .debug_macro   0x0000a1e9       0x79 src/modules/io.o
 .debug_macro   0x0000a262       0x2f src/modules/io.o
 .debug_macro   0x0000a291      0x154 src/modules/io.o
 .debug_macro   0x0000a3e5      0x117 src/modules/io.o
 .debug_macro   0x0000a4fc       0x10 src/modules/io.o
 .debug_macro   0x0000a50c       0x22 src/modules/io.o
 .debug_macro   0x0000a52e       0x3a src/modules/io.o
 .debug_macro   0x0000a568      0x351 src/modules/joystick.o
 .debug_macro   0x0000a8b9      0x34e src/modules/keypad.o
 .debug_macro   0x0000ac07       0x22 src/modules/keypad.o
 .debug_macro   0x0000ac29      0x34d src/modules/led.o
 .debug_macro   0x0000af76       0x34 src/modules/led.o
 .debug_macro   0x0000afaa      0x302 src/modules/led.o
 .debug_macro   0x0000b2ac      0x355 src/modules/ui.o
 .debug_macro   0x0000b601      0x1a3 src/ASF/common/services/sleepmgr/xmega/sleepmgr.o
 .debug_macro   0x0000b7a4      0x1db src/ASF/common/services/clock/xmega/sysclk.o
 .debug_macro   0x0000b97f      0x20b src/ASF/common/services/usb/class/composite/device/udi_composite_desc.o
 .debug_macro   0x0000bb8a      0x23f src/ASF/common/services/usb/class/hid/device/generic/udi_hid_generic.o
 .debug_macro   0x0000bdc9      0x245 src/ASF/common/services/usb/class/hid/device/kbd/udi_hid_kbd.o
 .debug_macro   0x0000c00e      0x223 src/ASF/common/services/usb/class/hid/device/udi_hid.o
 .debug_macro   0x0000c231      0x228 src/ASF/common/services/usb/udc/udc.o
 .debug_macro   0x0000c459      0x2f1 src/ASF/xmega/drivers/usb/usb_device.o
 .debug_macro   0x0000c74a      0x461 src/ASF/xmega/drivers/usb/usb_device.o
 .debug_macro   0x0000cbab      0x385 src/main.o
 .debug_macro   0x0000cf30      0x160 src/main.o
OUTPUT(CompositeImplementation.elf elf32-avr)
LOAD linker stubs

.BOOT           0x00040000        0x0
